Microchip MPLAB XC8 Compiler V3.00

Linker command line:

-W-3 \
  --edf=C:\Program Files\Microchip\xc8\v3.00\pic\dat\20241204225717_en.msgs \
  -cn \
  -h+dist/default/production\Assignment_14_4DigitKeyPressCounter_With_EEPROM.X.production.sym \
  --cmf=dist/default/production\Assignment_14_4DigitKeyPressCounter_With_EEPROM.X.production.cmf \
  -z -Q16F877A -oC:\Users\indra\AppData\Local\Temp\xcAs3ss.\driver_tmp_3.o \
  --defsym=__MPLAB_BUILD=1 --fixupoverflow=error \
  -Mdist/default/production/Assignment_14_4DigitKeyPressCounter_With_EEPROM.X.production.map \
  --md=C:\Users\indra\AppData\Local\Temp\xcAs3ss.\driver_tmp_0.dat -E1 \
  -ver=XC8 Compiler -ACODE=00h-07FFhx4 -ASTRCODE=00h-01FFFh \
  -ASTRING=00h-0FFhx32 -ACONST=00h-0FFhx32 -AENTRY=00h-0FFhx32 \
  -ACOMMON=070h-07Fh -ABANK0=020h-06Fh -ABANK1=0A0h-0EFh \
  -ABANK2=0110h-016Fh -ABANK3=0190h-01EFh \
  -ARAM=020h-06Fh,0A0h-0EFh,0110h-016Fh,0190h-01EFh \
  -AABS1=020h-07Fh,0A0h-0EFh,0110h-016Fh,0190h-01EFh -ASFR0=00h-01Fh \
  -ASFR1=080h-09Fh -ASFR2=0100h-010Fh -ASFR3=0180h-018Fh \
  -ACONFIG=02007h-02007h -DCONFIG=2 -AIDLOC=02000h-02003h -DIDLOC=2 \
  -AEEDATA=00h-0FFh/02100h -peeprom_data=EEDATA -DEEDATA=2 -DCODE=2 \
  -DSTRCODE=2 -DSTRING=2 -DCONST=2 -DENTRY=2 \
  -preset_vec=00h,intentry,sivt,init,end_init -ppowerup=CODE -pcinit=CODE \
  -pfunctab=ENTRY -k \
  C:\Users\indra\AppData\Local\Temp\xcAs3ss.\driver_tmp_12.o \
  dist/default/production\Assignment_14_4DigitKeyPressCounter_With_EEPROM.X.production.o 

Object code version is 3.11

Machine type is 16F877A



                Name                               Link     Load   Length Selector   Space Scale
C:\Users\indra\AppData\Local\Temp\xcAs3ss.\driver_tmp_12.o
                end_init                              0        0        3        0       0
                config                             2007     2007        1        0       4
dist/default/production\Assignment_14_4DigitKeyPressCounter_With_EEPROM.X.production.o
                cinit                               7EA      7EA       16      FD4       0
                config                             2007     2007        1        0       4
                text20                              405      405       25      80A       0
                text19                              548      548       53      A90       0
                text18                              353      353        1      6A6       0
                text17                              4BF      4BF       42      97E       0
                text16                              487      487       38      90E       0
                text15                              38C      38C        D      718       0
                text14                              35A      35A        9      6B4       0
                text13                              363      363        9      6C6       0
                text12                              375      375        B      6EA       0
                text11                              501      501       47      A02       0
                text10                              5FF      5FF       7F      BFE       0
                text9                               354      354        6      6A8       0
                text8                               59B      59B       64      B36       0
                text7                               455      455       32      8AA       0
                text6                               380      380        C      700       0
                text5                               3CA      3CA       1A      794       0
                text4                               3A7      3A7       10      74E       0
                text3                               3E4      3E4       21      7C8       0
                text2                               36C      36C        9      6D8       0
                text1                               42A      42A       2B      854       0
                maintext                            67E      67E      16C      CFC       0
                cstackBANK0                          20       20       17       20       1
                cstackCOMMON                         70       70        E       70       1
                inittext                            3B7      3B7       13      76E       0
                dataBANK0                            37       37        E       20       1
                bssBANK0                             45       45        4       20       1
                idataBANK0                          399      399        E      732       0

TOTAL           Name                               Link     Load   Length     Space
        CLASS   CODE           
                end_init                              0        0        3         0
                cinit                               7EA      7EA       16         0
                text20                              405      405       25         0
                text19                              548      548       53         0
                text18                              353      353        1         0
                text17                              4BF      4BF       42         0
                text16                              487      487       38         0
                text15                              38C      38C        D         0
                text14                              35A      35A        9         0
                text13                              363      363        9         0
                text12                              375      375        B         0
                text11                              501      501       47         0
                text10                              5FF      5FF       7F         0
                text9                               354      354        6         0
                text8                               59B      59B       64         0
                text7                               455      455       32         0
                text6                               380      380        C         0
                text5                               3CA      3CA       1A         0
                text4                               3A7      3A7       10         0
                text3                               3E4      3E4       21         0
                text2                               36C      36C        9         0
                text1                               42A      42A       2B         0
                maintext                            67E      67E      16C         0
                inittext                            3B7      3B7       13         0
                idataBANK0                          399      399        E         0

        CLASS   STRCODE        

        CLASS   STRING         

        CLASS   CONST          

        CLASS   ENTRY          

        CLASS   COMMON         
                cstackCOMMON                         70       70        E         1

        CLASS   BANK0          
                cstackBANK0                          20       20       17         1
                dataBANK0                            37       37        E         1
                bssBANK0                             45       45        4         1

        CLASS   BANK1          

        CLASS   BANK2          

        CLASS   BANK3          

        CLASS   RAM            

        CLASS   ABS1           
                abs_s1                               7E       7E        2         1

        CLASS   SFR0           

        CLASS   SFR1           

        CLASS   SFR2           

        CLASS   SFR3           

        CLASS   CONFIG         
                config                             2007     2007        1         4

        CLASS   IDLOC          

        CLASS   EEDATA         

        CLASS   HEAP           

        CLASS   STACK          



SEGMENTS        Name                           Load    Length   Top    Selector   Space  Class     Delta

                reset_vec                      000000  000003  000003         0       0  CODE        2
                cstackBANK0                    000020  000029  000049        20       1  BANK0       1
                cstackCOMMON                   000070  00000E  00007E        70       1  COMMON      1
                text18                         000353  000001  000354       6A6       0  CODE        2
                text9                          000354  000006  00035A       6A8       0  CODE        2
                text14                         00035A  000009  000363       6B4       0  CODE        2
                text13                         000363  000009  00036C       6C6       0  CODE        2
                text2                          00036C  000009  000375       6D8       0  CODE        2
                text12                         000375  00000B  000380       6EA       0  CODE        2
                text6                          000380  00000C  00038C       700       0  CODE        2
                text15                         00038C  00000D  000399       718       0  CODE        2
                idataBANK0                     000399  00000E  0003A7       732       0  CODE        2
                text4                          0003A7  000010  0003B7       74E       0  CODE        2
                inittext                       0003B7  000013  0003CA       76E       0  CODE        2
                text5                          0003CA  00001A  0003E4       794       0  CODE        2
                text3                          0003E4  000021  000405       7C8       0  CODE        2
                text20                         000405  000025  00042A       80A       0  CODE        2
                text1                          00042A  00002B  000455       854       0  CODE        2
                text7                          000455  000032  000487       8AA       0  CODE        2
                text16                         000487  000038  0004BF       90E       0  CODE        2
                text17                         0004BF  000042  000501       97E       0  CODE        2
                text11                         000501  000047  000548       A02       0  CODE        2
                text19                         000548  000053  00059B       A90       0  CODE        2
                text8                          00059B  000064  0005FF       B36       0  CODE        2
                text10                         0005FF  00007F  00067E       BFE       0  CODE        2
                maintext                       00067E  00016C  0007EA       CFC       0  CODE        2
                cinit                          0007EA  000016  000800       FD4       0  CODE        2


UNUSED ADDRESS RANGES

        Name                Unused          Largest block    Delta
        BANK0            0049-006F             27           1
        BANK1            00A0-00EF             50           1
        BANK2            0110-016F             60           1
        BANK3            0190-01EF             60           1
        CODE             0003-0352            350           2
                         0800-1FFF            800
        CONST            0003-0352            100           2
                         0800-1FFF            100
        EEDATA           2100-21FF            100           2
        ENTRY            0003-0352            100           2
                         0800-1FFF            100
        IDLOC            2000-2003              4           2
        RAM              0049-006F             27           1
                         00A0-00EF             50
                         0110-016F             60
                         0190-01EF             60
        SFR0             0000-001F             20           1
        SFR1             0080-009F             20           1
        SFR2             0100-010F             10           1
        SFR3             0180-018F             10           1
        STRCODE          0003-0352            350           2
                         0800-1FFF           1800
        STRING           0003-0352            100           2
                         0800-1FFF            100

                                  Symbol Table

?___lldiv                    cstackCOMMON 0070
?___lwdiv                    cstackCOMMON 0070
?___lwmod                    cstackCOMMON 0077
?___wmul                     cstackCOMMON 0074
_ACKDT                       (abs)        048D
_ACKEN                       (abs)        048C
_ACKSTAT                     (abs)        048E
_PEN                         (abs)        048A
_PORTA                       (abs)        0005
_PORTB                       (abs)        0006
_PORTD                       (abs)        0008
_RCEN                        (abs)        048B
_RSEN                        (abs)        0489
_R_nW                        (abs)        04A2
_SEN                         (abs)        0488
_SSPADD                      (abs)        0093
_SSPBUF                      (abs)        0013
_SSPCON2                     (abs)        0091
_SSPEN                       (abs)        00A5
_SSPM3                       (abs)        00A3
_TRISA                       (abs)        0085
_TRISB                       (abs)        0086
_TRISD                       (abs)        0088
__H__absolute__              __absolute__ 0000
__Habs1                      abs1         0000
__Hbank0                     bank0        0000
__Hbank1                     bank1        0000
__Hbank2                     bank2        0000
__Hbank3                     bank3        0000
__HbssBANK0                  bssBANK0     0000
__Hcinit                     cinit        0800
__Hclrtext                   clrtext      0000
__Hcode                      code         0000
__Hcommon                    common       0000
__Hconfig                    config       2008
__HcstackBANK0               cstackBANK0  0000
__HcstackCOMMON              cstackCOMMON 0000
__HdataBANK0                 dataBANK0    0000
__Heeprom_data               eeprom_data  0000
__Hend_init                  end_init     0003
__Hfunctab                   functab      0000
__Hheap                      heap         0000
__HidataBANK0                idataBANK0   0000
__Hinit                      init         0000
__Hinittext                  inittext     0000
__Hintentry                  intentry     0000
__Hmaintext                  maintext     0000
__Hpowerup                   powerup      0000
__Hram                       ram          0000
__Hreset_vec                 reset_vec    0000
__Hsfr0                      sfr0         0000
__Hsfr1                      sfr1         0000
__Hsfr2                      sfr2         0000
__Hsfr3                      sfr3         0000
__Hsivt                      sivt         0000
__Hspace_0                   (abs)        0800
__Hspace_1                   (abs)        007E
__Hspace_2                   (abs)        0000
__Hspace_3                   (abs)        0000
__Hspace_4                   (abs)        400F
__Hstack                     stack        0000
__Hstrings                   strings      0000
__Htext                      text         0000
__L__absolute__              __absolute__ 0000
__Labs1                      abs1         0000
__Lbank0                     bank0        0000
__Lbank1                     bank1        0000
__Lbank2                     bank2        0000
__Lbank3                     bank3        0000
__LbssBANK0                  bssBANK0     0000
__Lcinit                     cinit        07EA
__Lclrtext                   clrtext      0000
__Lcode                      code         0000
__Lcommon                    common       0000
__Lconfig                    config       0000
__LcstackBANK0               cstackBANK0  0000
__LcstackCOMMON              cstackCOMMON 0000
__LdataBANK0                 dataBANK0    0000
__Leeprom_data               eeprom_data  0000
__Lend_init                  end_init     0000
__Lfunctab                   functab      0000
__Lheap                      heap         0000
__LidataBANK0                idataBANK0   0000
__Linit                      init         0000
__Linittext                  inittext     0000
__Lintentry                  intentry     0000
__Lmaintext                  maintext     0000
__Lpowerup                   powerup      0000
__Lram                       ram          0000
__Lreset_vec                 reset_vec    0000
__Lsfr0                      sfr0         0000
__Lsfr1                      sfr1         0000
__Lsfr2                      sfr2         0000
__Lsfr3                      sfr3         0000
__Lsivt                      sivt         0000
__Lspace_0                   (abs)        0000
__Lspace_1                   (abs)        0000
__Lspace_2                   (abs)        0000
__Lspace_3                   (abs)        0000
__Lspace_4                   (abs)        0000
__Lstack                     stack        0000
__Lstrings                   strings      0000
__Ltext                      text         0000
__S0                         (abs)        0800
__S1                         (abs)        007E
__S3                         (abs)        0000
___heap_hi                   (abs)        0000
___heap_lo                   (abs)        0000
___int_sp                    stack        0000
___int_stack_hi              stack        0000
___int_stack_lo              stack        0000
___latbits                   (abs)        0002
___lldiv                     text8        059B
___lldiv@counter             cstackCOMMON 007D
___lldiv@dividend            cstackCOMMON 0074
___lldiv@divisor             cstackCOMMON 0070
___lldiv@quotient            cstackCOMMON 0079
___lwdiv                     text17       04BF
___lwdiv@counter             cstackCOMMON 0076
___lwdiv@dividend            cstackCOMMON 0072
___lwdiv@divisor             cstackCOMMON 0070
___lwdiv@quotient            cstackCOMMON 0074
___lwmod                     text16       0487
___lwmod@counter             cstackCOMMON 007B
___lwmod@dividend            cstackCOMMON 0079
___lwmod@divisor             cstackCOMMON 0077
___sp                        stack        0000
___stack_hi                  stack        0000
___stack_lo                  stack        0000
___stackhi                   (abs)        0000
___stacklo                   (abs)        0000
___wmul                      text20       0405
___wmul@multiplicand         cstackCOMMON 0076
___wmul@multiplier           cstackCOMMON 0074
___wmul@product              cstackCOMMON 0078
__end_of___lldiv             text8        05FF
__end_of___lwdiv             text17       0501
__end_of___lwmod             text16       04BF
__end_of___wmul              text20       042A
__end_of__initialization     cinit        07FC
__end_of_display             text19       059B
__end_of_display_ssd         text18       0354
__end_of_eeprom_test         text10       067E
__end_of_i2c_read            text3        0405
__end_of_i2c_rep_start       text2        0375
__end_of_i2c_start           text14       0363
__end_of_i2c_stop            text13       036C
__end_of_i2c_wait_for_idle   text15       0399
__end_of_i2c_write           text12       0380
__end_of_init_config         text5        03E4
__end_of_init_digital_keypad text9        035A
__end_of_init_i2c            text7        0487
__end_of_init_ssd            text6        038C
__end_of_main                maintext     07EA
__end_of_read_digital_keypad text4        03B7
__end_of_read_ext_eeprom     text1        0455
__end_of_write_ext_eeprom    text11       0548
__initialization             cinit        07EA
__pbssBANK0                  bssBANK0     0045
__pcstackBANK0               cstackBANK0  0020
__pcstackCOMMON              cstackCOMMON 0070
__pdataBANK0                 dataBANK0    0037
__pidataBANK0                idataBANK0   0399
__pmaintext                  maintext     067E
__ptext1                     text1        042A
__ptext10                    text10       05FF
__ptext11                    text11       0501
__ptext12                    text12       0375
__ptext13                    text13       0363
__ptext14                    text14       035A
__ptext15                    text15       038C
__ptext16                    text16       0487
__ptext17                    text17       04BF
__ptext18                    text18       0353
__ptext19                    text19       0548
__ptext2                     text2        036C
__ptext20                    text20       0405
__ptext3                     text3        03E4
__ptext4                     text4        03A7
__ptext5                     text5        03CA
__ptext6                     text6        0380
__ptext7                     text7        0455
__ptext8                     text8        059B
__ptext9                     text9        0354
_digits                      dataBANK0    0037
_display                     text19       0548
_display_ssd                 text18       0353
_eeprom_test                 text10       05FF
_i2c_read                    text3        03E4
_i2c_rep_start               text2        036C
_i2c_start                   text14       035A
_i2c_stop                    text13       0363
_i2c_wait_for_idle           text15       038C
_i2c_write                   text12       0375
_init_config                 text5        03CA
_init_digital_keypad         text9        0354
_init_i2c                    text7        0455
_init_ssd                    text6        0380
_main                        maintext     067E
_read_digital_keypad         text4        03A7
_read_ext_eeprom             text1        042A
_ssd                         dataBANK0    0041
_write_ext_eeprom            text11       0501
btemp                        (abs)        007E
display@data                 cstackCOMMON 0070
display@digit                cstackCOMMON 0079
display@wait                 cstackCOMMON 0075
display_ssd@count            cstackCOMMON 0070
eeprom_test@count            cstackBANK0  0025
end_of_initialization        cinit        07FC
i2c_read@ack                 cstackCOMMON 0070
i2c_read@data                cstackCOMMON 0071
i2c_write@data               cstackCOMMON 0070
init_fetch0                  inittext     03B7
init_i2c@baud                cstackBANK0  0020
init_ram0                    inittext     03BB
intlevel0                    functab      0000
intlevel1                    functab      0000
intlevel2                    functab      0000
intlevel3                    functab      0000
intlevel4                    functab      0000
intlevel5                    functab      0000
main@count                   bssBANK0     0045
main@key                     cstackBANK0  0036
main@key_pressed_time        bssBANK0     0047
main@once                    cstackBANK0  0034
read_ext_eeprom@address      cstackCOMMON 0072
read_ext_eeprom@data         cstackCOMMON 0073
reset_vec                    reset_vec    0000
start                        init         0000
start_initialization         cinit        07EA
write_ext_eeprom@address     cstackBANK0  0024
write_ext_eeprom@data        cstackCOMMON 007C
write_ext_eeprom@wait        cstackBANK0  0020
wtemp0                       (abs)        007E


MODULE INFORMATION

Module		Function		Class		Link	Load	Size
ssd.c
		_init_ssd      		CODE           	0380	0000	12
		_display       		CODE           	0548	0000	83
		_display_ssd   		CODE           	0353	0000	1

ssd.c estimated size: 96

digital_keypad.c
		_init_digital_keypad		CODE           	0354	0000	6
		_read_digital_keypad		CODE           	03A7	0000	16

digital_keypad.c estimated size: 22

C:\Program Files\Microchip\xc8\v3.00\pic\sources\c99\common\Umul16.c
		___wmul        		CODE           	0405	0000	37

C:\Program Files\Microchip\xc8\v3.00\pic\sources\c99\common\Umul16.c estimated size: 37

i2c.c
		_i2c_start     		CODE           	035A	0000	9
		_i2c_rep_start 		CODE           	036C	0000	9
		_i2c_write     		CODE           	0375	0000	11
		_i2c_stop      		CODE           	0363	0000	9
		_i2c_read      		CODE           	03E4	0000	33
		_init_i2c      		CODE           	0455	0000	50
		_i2c_wait_for_idle		CODE           	038C	0000	13

i2c.c estimated size: 134

C:\Program Files\Microchip\xc8\v3.00\pic\sources\c99\common\lwmod.c
		___lwmod       		CODE           	0487	0000	56

C:\Program Files\Microchip\xc8\v3.00\pic\sources\c99\common\lwmod.c estimated size: 56

C:\Program Files\Microchip\xc8\v3.00\pic\sources\c99\common\__lldiv.c
		___lldiv       		CODE           	059B	0000	100

C:\Program Files\Microchip\xc8\v3.00\pic\sources\c99\common\__lldiv.c estimated size: 100

shared
		__initialization		CODE           	07EA	0000	18

shared estimated size: 18

C:\Program Files\Microchip\xc8\v3.00\pic\sources\c99\common\lwdiv.c
		___lwdiv       		CODE           	04BF	0000	66

C:\Program Files\Microchip\xc8\v3.00\pic\sources\c99\common\lwdiv.c estimated size: 66

ext_eeprom.c
		_write_ext_eeprom		CODE           	0501	0000	71
		_read_ext_eeprom		CODE           	042A	0000	43

ext_eeprom.c estimated size: 114

main.c
		_main          		CODE           	067E	0000	364
		_init_config   		CODE           	03CA	0000	26
		_eeprom_test   		CODE           	05FF	0000	127

main.c estimated size: 517

