Microchip MPLAB XC8 Compiler V3.00

Linker command line:

-W-3 \
  --edf=C:\Program Files\Microchip\xc8\v3.00\pic\dat\20241204225717_en.msgs \
  -cn \
  -h+dist/default/production\Assignment_11_Right_Scrolling_Message_Marquee.X.production.sym \
  --cmf=dist/default/production\Assignment_11_Right_Scrolling_Message_Marquee.X.production.cmf \
  -z -Q16F877A -oC:\Users\indra\AppData\Local\Temp\xcAsbb0.\driver_tmp_3.o \
  --defsym=__MPLAB_BUILD=1 --fixupoverflow=error \
  -Mdist/default/production/Assignment_11_Right_Scrolling_Message_Marquee.X.production.map \
  --md=C:\Users\indra\AppData\Local\Temp\xcAsbb0.\driver_tmp_0.dat -E1 \
  -ver=XC8 Compiler -ACODE=00h-07FFhx4 -ASTRCODE=00h-01FFFh \
  -ASTRING=00h-0FFhx32 -ACONST=00h-0FFhx32 -AENTRY=00h-0FFhx32 \
  -ACOMMON=070h-07Fh -ABANK0=020h-06Fh -ABANK1=0A0h-0EFh \
  -ABANK2=0110h-016Fh -ABANK3=0190h-01EFh \
  -ARAM=020h-06Fh,0A0h-0EFh,0110h-016Fh,0190h-01EFh \
  -AABS1=020h-07Fh,0A0h-0EFh,0110h-016Fh,0190h-01EFh -ASFR0=00h-01Fh \
  -ASFR1=080h-09Fh -ASFR2=0100h-010Fh -ASFR3=0180h-018Fh \
  -ACONFIG=02007h-02007h -DCONFIG=2 -AIDLOC=02000h-02003h -DIDLOC=2 \
  -AEEDATA=00h-0FFh/02100h -peeprom_data=EEDATA -DEEDATA=2 -DCODE=2 \
  -DSTRCODE=2 -DSTRING=2 -DCONST=2 -DENTRY=2 \
  -preset_vec=00h,intentry,sivt,init,end_init -ppowerup=CODE -pcinit=CODE \
  -pfunctab=ENTRY -k \
  C:\Users\indra\AppData\Local\Temp\xcAsbb0.\driver_tmp_12.o \
  dist/default/production\Assignment_11_Right_Scrolling_Message_Marquee.X.production.o 

Object code version is 3.11

Machine type is 16F877A



                Name                               Link     Load   Length Selector   Space Scale
C:\Users\indra\AppData\Local\Temp\xcAsbb0.\driver_tmp_12.o
                end_init                              0        0        3        0       0
                config                             2007     2007        1        0       4
dist/default/production\Assignment_11_Right_Scrolling_Message_Marquee.X.production.o
                cinit                               7EE      7EE       12      FDC       0
                config                             2007     2007        1        0       4
                text4                               6F4      6F4       36      DE8       0
                text3                               6C5      6C5       2F      D8A       0
                text2                               78B      78B       63      F16       0
                text1                               696      696        B      D2C       0
                maintext                            72A      72A       61      E54       0
                cstackBANK0                          20       20       14       20       1
                cstackCOMMON                         70       70        B       70       1
                inittext                            6B2      6B2       13      D64       0
                dataBANK0                            34       34       11       20       1
                strings                               3        3       20        6       0
                idataBANK0                          6A1      6A1       11      D42       0

TOTAL           Name                               Link     Load   Length     Space
        CLASS   CODE           
                end_init                              0        0        3         0
                cinit                               7EE      7EE       12         0
                text4                               6F4      6F4       36         0
                text3                               6C5      6C5       2F         0
                text2                               78B      78B       63         0
                text1                               696      696        B         0
                maintext                            72A      72A       61         0
                inittext                            6B2      6B2       13         0
                idataBANK0                          6A1      6A1       11         0

        CLASS   STRCODE        

        CLASS   STRING         
                strings                               3        3       20         0

        CLASS   CONST          

        CLASS   ENTRY          

        CLASS   COMMON         
                cstackCOMMON                         70       70        B         1

        CLASS   BANK0          
                cstackBANK0                          20       20       14         1
                dataBANK0                            34       34       11         1

        CLASS   BANK1          

        CLASS   BANK2          

        CLASS   BANK3          

        CLASS   RAM            

        CLASS   ABS1           
                abs_s1                               7E       7E        2         1

        CLASS   SFR0           

        CLASS   SFR1           

        CLASS   SFR2           

        CLASS   SFR3           

        CLASS   CONFIG         
                config                             2007     2007        1         4

        CLASS   IDLOC          

        CLASS   EEDATA         

        CLASS   HEAP           

        CLASS   STACK          



SEGMENTS        Name                           Load    Length   Top    Selector   Space  Class     Delta

                reset_vec                      000000  000003  000003         0       0  CODE        2
                strings                        000003  000020  000023         6       0  STRING      2
                cstackBANK0                    000020  000025  000045        20       1  BANK0       1
                cstackCOMMON                   000070  00000B  00007B        70       1  COMMON      1
                text1                          000696  00000B  0006A1       D2C       0  CODE        2
                idataBANK0                     0006A1  000011  0006B2       D42       0  CODE        2
                inittext                       0006B2  000013  0006C5       D64       0  CODE        2
                text3                          0006C5  00002F  0006F4       D8A       0  CODE        2
                text4                          0006F4  000036  00072A       DE8       0  CODE        2
                maintext                       00072A  000061  00078B       E54       0  CODE        2
                text2                          00078B  000063  0007EE       F16       0  CODE        2
                cinit                          0007EE  000012  000800       FDC       0  CODE        2


UNUSED ADDRESS RANGES

        Name                Unused          Largest block    Delta
        BANK0            0045-006F             2B           1
        BANK1            00A0-00EF             50           1
        BANK2            0110-016F             60           1
        BANK3            0190-01EF             60           1
        CODE             0023-0695            673           2
                         0800-1FFF            800
        COMMON           007B-007D              3           1
        CONST            0023-0695            100           2
                         0800-1FFF            100
        EEDATA           2100-21FF            100           2
        ENTRY            0023-0695            100           2
                         0800-1FFF            100
        IDLOC            2000-2003              4           2
        RAM              0045-006F             2B           1
                         00A0-00EF             50
                         0110-016F             60
                         0190-01EF             60
        SFR0             0000-001F             20           1
        SFR1             0080-009F             20           1
        SFR2             0100-010F             10           1
        SFR3             0180-018F             10           1
        STRCODE          0023-0695            673           2
                         0800-1FFF           1800
        STRING           0023-0695            100           2
                         0800-1FFF            100

                                  Symbol Table

_PORTD                           (abs)        0008
_RE1                             (abs)        0049
_RE2                             (abs)        004A
_TRISD                           (abs)        0088
_TRISE1                          (abs)        0449
_TRISE2                          (abs)        044A
__H__absolute__                  __absolute__ 0000
__Habs1                          abs1         0000
__Hbank0                         bank0        0000
__Hbank1                         bank1        0000
__Hbank2                         bank2        0000
__Hbank3                         bank3        0000
__Hcinit                         cinit        0800
__Hclrtext                       clrtext      0000
__Hcode                          code         0000
__Hcommon                        common       0000
__Hconfig                        config       2008
__HcstackBANK0                   cstackBANK0  0000
__HcstackCOMMON                  cstackCOMMON 0000
__HdataBANK0                     dataBANK0    0000
__Heeprom_data                   eeprom_data  0000
__Hend_init                      end_init     0003
__Hfunctab                       functab      0000
__Hheap                          heap         0000
__HidataBANK0                    idataBANK0   0000
__Hinit                          init         0000
__Hinittext                      inittext     0000
__Hintentry                      intentry     0000
__Hmaintext                      maintext     0000
__Hpowerup                       powerup      0000
__Hram                           ram          0000
__Hreset_vec                     reset_vec    0000
__Hsfr0                          sfr0         0000
__Hsfr1                          sfr1         0000
__Hsfr2                          sfr2         0000
__Hsfr3                          sfr3         0000
__Hsivt                          sivt         0000
__Hspace_0                       (abs)        0800
__Hspace_1                       (abs)        007B
__Hspace_2                       (abs)        0000
__Hspace_3                       (abs)        0000
__Hspace_4                       (abs)        400F
__Hstack                         stack        0000
__Hstrings                       strings      0000
__Htext                          text         0000
__L__absolute__                  __absolute__ 0000
__Labs1                          abs1         0000
__Lbank0                         bank0        0000
__Lbank1                         bank1        0000
__Lbank2                         bank2        0000
__Lbank3                         bank3        0000
__Lcinit                         cinit        07EE
__Lclrtext                       clrtext      0000
__Lcode                          code         0000
__Lcommon                        common       0000
__Lconfig                        config       0000
__LcstackBANK0                   cstackBANK0  0000
__LcstackCOMMON                  cstackCOMMON 0000
__LdataBANK0                     dataBANK0    0000
__Leeprom_data                   eeprom_data  0000
__Lend_init                      end_init     0000
__Lfunctab                       functab      0000
__Lheap                          heap         0000
__LidataBANK0                    idataBANK0   0000
__Linit                          init         0000
__Linittext                      inittext     0000
__Lintentry                      intentry     0000
__Lmaintext                      maintext     0000
__Lpowerup                       powerup      0000
__Lram                           ram          0000
__Lreset_vec                     reset_vec    0000
__Lsfr0                          sfr0         0000
__Lsfr1                          sfr1         0000
__Lsfr2                          sfr2         0000
__Lsfr3                          sfr3         0000
__Lsivt                          sivt         0000
__Lspace_0                       (abs)        0000
__Lspace_1                       (abs)        0000
__Lspace_2                       (abs)        0000
__Lspace_3                       (abs)        0000
__Lspace_4                       (abs)        0000
__Lstack                         stack        0000
__Lstrings                       strings      0000
__Ltext                          text         0000
__S0                             (abs)        0800
__S1                             (abs)        007B
__S3                             (abs)        0000
___heap_hi                       (abs)        0000
___heap_lo                       (abs)        0000
___int_sp                        stack        0000
___int_stack_hi                  stack        0000
___int_stack_lo                  stack        0000
___latbits                       (abs)        0002
___sp                            stack        0000
___stack_hi                      stack        0000
___stack_lo                      stack        0000
___stackhi                       (abs)        0000
___stacklo                       (abs)        0000
__end_of__initialization         cinit        07FC
__end_of__stringtab              strings      0013
__end_of_clcd_print              text3        06F4
__end_of_clcd_write              text4        072A
__end_of_init_clcd               text1        06A1
__end_of_init_display_controller text2        07EE
__end_of_main                    maintext     078B
__initialization                 cinit        07EE
__pcstackBANK0                   cstackBANK0  0020
__pcstackCOMMON                  cstackCOMMON 0070
__pdataBANK0                     dataBANK0    0034
__pidataBANK0                    idataBANK0   06A1
__pmaintext                      maintext     072A
__pstrings                       strings      0003
__ptext1                         text1        0696
__ptext2                         text2        078B
__ptext3                         text3        06C5
__ptext4                         text4        06F4
__stringbase                     strings      0012
__stringtab                      strings      0003
_clcd_print                      text3        06C5
_clcd_write                      text4        06F4
_init_clcd                       text1        0696
_init_display_controller         text2        078B
_main                            maintext     072A
btemp                            (abs)        007E
clcd_print@addr                  cstackCOMMON 0076
clcd_print@str                   cstackCOMMON 0074
clcd_write@byte                  cstackCOMMON 0073
clcd_write@mode                  cstackCOMMON 0070
end_of_initialization            cinit        07FC
init_fetch0                      inittext     06B2
init_ram0                        inittext     06B6
intlevel0                        functab      0000
intlevel1                        functab      0000
intlevel2                        functab      0000
intlevel3                        functab      0000
intlevel4                        functab      0000
intlevel5                        functab      0000
main@F989                        dataBANK0    0034
main@i                           cstackBANK0  0032
main@msg                         cstackBANK0  0020
main@temp                        cstackBANK0  0031
reset_vec                        reset_vec    0000
start                            init         0000
start_initialization             cinit        07EE
wtemp0                           (abs)        007E


MODULE INFORMATION

Module		Function		Class		Link	Load	Size
shared
		__stringtab    		STRING         	0003	0000	16
		__initialization		CODE           	07EE	0000	14

shared estimated size: 30

clcd.c
		_clcd_write    		CODE           	06F4	0000	54
		_clcd_print    		CODE           	06C5	0000	47
		_init_display_controller		CODE           	078B	0000	99
		_init_clcd     		CODE           	0696	0000	11

clcd.c estimated size: 211

main.c
		_main          		CODE           	072A	0000	97

main.c estimated size: 97

