Microchip MPLAB XC8 Compiler V3.00

Linker command line:

-W-3 \
  --edf=C:\Program Files\Microchip\xc8\v3.00\pic\dat\20241204225717_en.msgs \
  -cn \
  -h+dist/default/production\Assignment_13_SelfCounterUsingSSDs_With_StorageOnKeyPress.X.production.sym \
  --cmf=dist/default/production\Assignment_13_SelfCounterUsingSSDs_With_StorageOnKeyPress.X.production.cmf \
  -z -Q16F877A -oC:\Users\indra\AppData\Local\Temp\xcAs418.\driver_tmp_3.o \
  --defsym=__MPLAB_BUILD=1 --fixupoverflow=error \
  -Mdist/default/production/Assignment_13_SelfCounterUsingSSDs_With_StorageOnKeyPress.X.production.map \
  --md=C:\Users\indra\AppData\Local\Temp\xcAs418.\driver_tmp_0.dat -E1 \
  -ver=XC8 Compiler -ACODE=00h-07FFhx4 -ASTRCODE=00h-01FFFh \
  -ASTRING=00h-0FFhx32 -ACONST=00h-0FFhx32 -AENTRY=00h-0FFhx32 \
  -ACOMMON=070h-07Fh -ABANK0=020h-06Fh -ABANK1=0A0h-0EFh \
  -ABANK2=0110h-016Fh -ABANK3=0190h-01EFh \
  -ARAM=020h-06Fh,0A0h-0EFh,0110h-016Fh,0190h-01EFh \
  -AABS1=020h-07Fh,0A0h-0EFh,0110h-016Fh,0190h-01EFh -ASFR0=00h-01Fh \
  -ASFR1=080h-09Fh -ASFR2=0100h-010Fh -ASFR3=0180h-018Fh \
  -ACONFIG=02007h-02007h -DCONFIG=2 -AIDLOC=02000h-02003h -DIDLOC=2 \
  -AEEDATA=00h-0FFh/02100h -peeprom_data=EEDATA -DEEDATA=2 -DCODE=2 \
  -DSTRCODE=2 -DSTRING=2 -DCONST=2 -DENTRY=2 \
  -preset_vec=00h,intentry,sivt,init,end_init -ppowerup=CODE -pcinit=CODE \
  -pfunctab=ENTRY -k \
  C:\Users\indra\AppData\Local\Temp\xcAs418.\driver_tmp_18.o \
  dist/default/production\Assignment_13_SelfCounterUsingSSDs_With_StorageOnKeyPress.X.production.o 

Object code version is 3.11

Machine type is 16F877A



                Name                               Link     Load   Length Selector   Space Scale
C:\Users\indra\AppData\Local\Temp\xcAs418.\driver_tmp_18.o
                end_init                              0        0        3        0       0
                config                             2007     2007        1        0       4
dist/default/production\Assignment_13_SelfCounterUsingSSDs_With_StorageOnKeyPress.X.production.o
                cinit                               7EC      7EC       14      FD8       0
                config                             2007     2007        1        0       4
                text11                              4BE      4BE       25      97C       0
                text10                              5B2      5B2       53      B64       0
                text9                               4A9      4A9       15      952       0
                text8                               570      570       42      AE0       0
                text7                               538      538       38      A70       0
                text6                               50D      50D       2B      A1A       0
                text5                               605      605       7F      C0A       0
                text4                               46A      46A        6      8D4       0
                text3                               47B      47B        C      8F6       0
                text2                               470      470        B      8E0       0
                text1                               4E3      4E3       2A      9C6       0
                maintext                            684      684      168      D08       0
                cstackBANK0                          20       20       1F       20       1
                cstackCOMMON                         70       70        E       70       1
                inittext                            496      496       13      92C       0
                dataBANK0                            3F       3F        F       20       1
                bssBANK0                             4E       4E        2       20       1
                idataBANK0                          487      487        F      90E       0

TOTAL           Name                               Link     Load   Length     Space
        CLASS   CODE           
                end_init                              0        0        3         0
                cinit                               7EC      7EC       14         0
                text11                              4BE      4BE       25         0
                text10                              5B2      5B2       53         0
                text9                               4A9      4A9       15         0
                text8                               570      570       42         0
                text7                               538      538       38         0
                text6                               50D      50D       2B         0
                text5                               605      605       7F         0
                text4                               46A      46A        6         0
                text3                               47B      47B        C         0
                text2                               470      470        B         0
                text1                               4E3      4E3       2A         0
                maintext                            684      684      168         0
                inittext                            496      496       13         0
                idataBANK0                          487      487        F         0

        CLASS   STRCODE        

        CLASS   STRING         

        CLASS   CONST          

        CLASS   ENTRY          

        CLASS   COMMON         
                cstackCOMMON                         70       70        E         1

        CLASS   BANK0          
                cstackBANK0                          20       20       1F         1
                dataBANK0                            3F       3F        F         1
                bssBANK0                             4E       4E        2         1

        CLASS   BANK1          

        CLASS   BANK2          

        CLASS   BANK3          

        CLASS   RAM            

        CLASS   ABS1           
                abs_s1                               7E       7E        2         1

        CLASS   SFR0           

        CLASS   SFR1           

        CLASS   SFR2           

        CLASS   SFR3           

        CLASS   CONFIG         
                config                             2007     2007        1         4

        CLASS   IDLOC          

        CLASS   EEDATA         

        CLASS   HEAP           

        CLASS   STACK          



SEGMENTS        Name                           Load    Length   Top    Selector   Space  Class     Delta

                reset_vec                      000000  000003  000003         0       0  CODE        2
                cstackBANK0                    000020  000030  000050        20       1  BANK0       1
                cstackCOMMON                   000070  00000E  00007E        70       1  COMMON      1
                text4                          00046A  000006  000470       8D4       0  CODE        2
                text2                          000470  00000B  00047B       8E0       0  CODE        2
                text3                          00047B  00000C  000487       8F6       0  CODE        2
                idataBANK0                     000487  00000F  000496       90E       0  CODE        2
                inittext                       000496  000013  0004A9       92C       0  CODE        2
                text9                          0004A9  000015  0004BE       952       0  CODE        2
                text11                         0004BE  000025  0004E3       97C       0  CODE        2
                text1                          0004E3  00002A  00050D       9C6       0  CODE        2
                text6                          00050D  00002B  000538       A1A       0  CODE        2
                text7                          000538  000038  000570       A70       0  CODE        2
                text8                          000570  000042  0005B2       AE0       0  CODE        2
                text10                         0005B2  000053  000605       B64       0  CODE        2
                text5                          000605  00007F  000684       C0A       0  CODE        2
                maintext                       000684  000168  0007EC       D08       0  CODE        2
                cinit                          0007EC  000014  000800       FD8       0  CODE        2


UNUSED ADDRESS RANGES

        Name                Unused          Largest block    Delta
        BANK0            0050-006F             20           1
        BANK1            00A0-00EF             50           1
        BANK2            0110-016F             60           1
        BANK3            0190-01EF             60           1
        CODE             0003-0469            467           2
                         0800-1FFF            800
        CONST            0003-0469            100           2
                         0800-1FFF            100
        EEDATA           2100-21FF            100           2
        ENTRY            0003-0469            100           2
                         0800-1FFF            100
        IDLOC            2000-2003              4           2
        RAM              0050-006F             20           1
                         00A0-00EF             50
                         0110-016F             60
                         0190-01EF             60
        SFR0             0000-001F             20           1
        SFR1             0080-009F             20           1
        SFR2             0100-010F             10           1
        SFR3             0180-018F             10           1
        STRCODE          0003-0469            467           2
                         0800-1FFF           1800
        STRING           0003-0469            100           2
                         0800-1FFF            100

                                  Symbol Table

?___lwdiv                    cstackCOMMON 0070
?___lwmod                    cstackCOMMON 0077
?___wmul                     cstackCOMMON 0071
_EEADR                       (abs)        010D
_EECON1                      (abs)        018C
_EECON1bits                  (abs)        018C
_EECON2                      (abs)        018D
_EEDATA                      (abs)        010C
_INTCONbits                  (abs)        000B
_PORTA                       (abs)        0005
_PORTB                       (abs)        0006
_PORTD                       (abs)        0008
_STATUSbits                  (abs)        0003
_TRISA                       (abs)        0085
_TRISB                       (abs)        0086
_TRISD                       (abs)        0088
__H__absolute__              __absolute__ 0000
__Habs1                      abs1         0000
__Hbank0                     bank0        0000
__Hbank1                     bank1        0000
__Hbank2                     bank2        0000
__Hbank3                     bank3        0000
__HbssBANK0                  bssBANK0     0000
__Hcinit                     cinit        0800
__Hclrtext                   clrtext      0000
__Hcode                      code         0000
__Hcommon                    common       0000
__Hconfig                    config       2008
__HcstackBANK0               cstackBANK0  0000
__HcstackCOMMON              cstackCOMMON 0000
__HdataBANK0                 dataBANK0    0000
__Heeprom_data               eeprom_data  0000
__Hend_init                  end_init     0003
__Hfunctab                   functab      0000
__Hheap                      heap         0000
__HidataBANK0                idataBANK0   0000
__Hinit                      init         0000
__Hinittext                  inittext     0000
__Hintentry                  intentry     0000
__Hmaintext                  maintext     0000
__Hpowerup                   powerup      0000
__Hram                       ram          0000
__Hreset_vec                 reset_vec    0000
__Hsfr0                      sfr0         0000
__Hsfr1                      sfr1         0000
__Hsfr2                      sfr2         0000
__Hsfr3                      sfr3         0000
__Hsivt                      sivt         0000
__Hspace_0                   (abs)        0800
__Hspace_1                   (abs)        007E
__Hspace_2                   (abs)        0000
__Hspace_3                   (abs)        0000
__Hspace_4                   (abs)        400F
__Hstack                     stack        0000
__Hstrings                   strings      0000
__Htext                      text         0000
__L__absolute__              __absolute__ 0000
__Labs1                      abs1         0000
__Lbank0                     bank0        0000
__Lbank1                     bank1        0000
__Lbank2                     bank2        0000
__Lbank3                     bank3        0000
__LbssBANK0                  bssBANK0     0000
__Lcinit                     cinit        07EC
__Lclrtext                   clrtext      0000
__Lcode                      code         0000
__Lcommon                    common       0000
__Lconfig                    config       0000
__LcstackBANK0               cstackBANK0  0000
__LcstackCOMMON              cstackCOMMON 0000
__LdataBANK0                 dataBANK0    0000
__Leeprom_data               eeprom_data  0000
__Lend_init                  end_init     0000
__Lfunctab                   functab      0000
__Lheap                      heap         0000
__LidataBANK0                idataBANK0   0000
__Linit                      init         0000
__Linittext                  inittext     0000
__Lintentry                  intentry     0000
__Lmaintext                  maintext     0000
__Lpowerup                   powerup      0000
__Lram                       ram          0000
__Lreset_vec                 reset_vec    0000
__Lsfr0                      sfr0         0000
__Lsfr1                      sfr1         0000
__Lsfr2                      sfr2         0000
__Lsfr3                      sfr3         0000
__Lsivt                      sivt         0000
__Lspace_0                   (abs)        0000
__Lspace_1                   (abs)        0000
__Lspace_2                   (abs)        0000
__Lspace_3                   (abs)        0000
__Lspace_4                   (abs)        0000
__Lstack                     stack        0000
__Lstrings                   strings      0000
__Ltext                      text         0000
__S0                         (abs)        0800
__S1                         (abs)        007E
__S3                         (abs)        0000
___heap_hi                   (abs)        0000
___heap_lo                   (abs)        0000
___int_sp                    stack        0000
___int_stack_hi              stack        0000
___int_stack_lo              stack        0000
___latbits                   (abs)        0002
___lwdiv                     text8        0570
___lwdiv@counter             cstackCOMMON 0076
___lwdiv@dividend            cstackCOMMON 0072
___lwdiv@divisor             cstackCOMMON 0070
___lwdiv@quotient            cstackCOMMON 0074
___lwmod                     text7        0538
___lwmod@counter             cstackCOMMON 007B
___lwmod@dividend            cstackCOMMON 0079
___lwmod@divisor             cstackCOMMON 0077
___sp                        stack        0000
___stack_hi                  stack        0000
___stack_lo                  stack        0000
___stackhi                   (abs)        0000
___stacklo                   (abs)        0000
___wmul                      text11       04BE
___wmul@multiplicand         cstackCOMMON 0073
___wmul@multiplier           cstackCOMMON 0071
___wmul@product              cstackCOMMON 0075
__end_of___lwdiv             text8        05B2
__end_of___lwmod             text7        0570
__end_of___wmul              text11       04E3
__end_of__initialization     cinit        07FC
__end_of_display             text10       0605
__end_of_eeprom_read         text9        04BE
__end_of_eeprom_test         text5        0684
__end_of_eeprom_write        text6        0538
__end_of_init_config         text2        047B
__end_of_init_digital_keypad text4        0470
__end_of_init_ssd            text3        0487
__end_of_main                maintext     07EC
__end_of_read_digital_keypad text1        050D
__initialization             cinit        07EC
__pbssBANK0                  bssBANK0     004E
__pcstackBANK0               cstackBANK0  0020
__pcstackCOMMON              cstackCOMMON 0070
__pdataBANK0                 dataBANK0    003F
__pidataBANK0                idataBANK0   0487
__pmaintext                  maintext     0684
__ptext1                     text1        04E3
__ptext10                    text10       05B2
__ptext11                    text11       04BE
__ptext2                     text2        0470
__ptext3                     text3        047B
__ptext4                     text4        046A
__ptext5                     text5        0605
__ptext6                     text6        050D
__ptext7                     text7        0538
__ptext8                     text8        0570
__ptext9                     text9        04A9
_display                     text10       05B2
_eeprom_read                 text9        04A9
_eeprom_test                 text5        0605
_eeprom_write                text6        050D
_init_config                 text2        0470
_init_digital_keypad         text4        046A
_init_ssd                    text3        047B
_main                        maintext     0684
_read_digital_keypad         text1        04E3
btemp                        (abs)        007E
display@data                 cstackCOMMON 0070
display@digit                cstackCOMMON 0079
display@wait                 cstackCOMMON 0075
eeprom_read@addr             cstackCOMMON 0070
eeprom_test@count            cstackBANK0  0020
eeprom_write@addr            cstackCOMMON 007D
eeprom_write@value           cstackCOMMON 007C
end_of_initialization        cinit        07FC
init_fetch0                  inittext     0496
init_ram0                    inittext     049A
intlevel0                    functab      0000
intlevel1                    functab      0000
intlevel2                    functab      0000
intlevel3                    functab      0000
intlevel4                    functab      0000
intlevel5                    functab      0000
main@F1000                   dataBANK0    0049
main@F1002                   dataBANK0    003F
main@count                   bssBANK0     004E
main@digits                  cstackBANK0  002E
main@key                     cstackBANK0  003E
main@ssd                     cstackBANK0  0038
main@wait                    cstackBANK0  003C
read_digital_keypad@mode     cstackCOMMON 0071
read_digital_keypad@once     dataBANK0    004D
reset_vec                    reset_vec    0000
start                        init         0000
start_initialization         cinit        07EC
wtemp0                       (abs)        007E


MODULE INFORMATION

Module		Function		Class		Link	Load	Size
ssd.c
		_init_ssd      		CODE           	047B	0000	12
		_display       		CODE           	05B2	0000	83

ssd.c estimated size: 95

digital_keypad.c
		_init_digital_keypad		CODE           	046A	0000	6
		_read_digital_keypad		CODE           	04E3	0000	42

digital_keypad.c estimated size: 48

C:\Program Files\Microchip\xc8\v3.00\pic\sources\c99\common\Umul16.c
		___wmul        		CODE           	04BE	0000	37

C:\Program Files\Microchip\xc8\v3.00\pic\sources\c99\common\Umul16.c estimated size: 37

C:\Program Files\Microchip\xc8\v3.00\pic\sources\c99\common\lwmod.c
		___lwmod       		CODE           	0538	0000	56

C:\Program Files\Microchip\xc8\v3.00\pic\sources\c99\common\lwmod.c estimated size: 56

C:\Program Files\Microchip\xc8\v3.00\pic\sources\c99\pic\__eewrite.c
		_eeprom_write  		CODE           	050D	0000	43

C:\Program Files\Microchip\xc8\v3.00\pic\sources\c99\pic\__eewrite.c estimated size: 43

shared
		__initialization		CODE           	07EC	0000	16

shared estimated size: 16

C:\Program Files\Microchip\xc8\v3.00\pic\sources\c99\pic\__eeread.c
		_eeprom_read   		CODE           	04A9	0000	21

C:\Program Files\Microchip\xc8\v3.00\pic\sources\c99\pic\__eeread.c estimated size: 21

C:\Program Files\Microchip\xc8\v3.00\pic\sources\c99\common\lwdiv.c
		___lwdiv       		CODE           	0570	0000	66

C:\Program Files\Microchip\xc8\v3.00\pic\sources\c99\common\lwdiv.c estimated size: 66

main.c
		_main          		CODE           	0684	0000	360
		_init_config   		CODE           	0470	0000	11
		_eeprom_test   		CODE           	0605	0000	127

main.c estimated size: 498

