Microchip MPLAB XC8 Compiler V3.00

Linker command line:

-W-3 \
  --edf=C:\Program Files\Microchip\xc8\v3.00\pic\dat\20241204225717_en.msgs \
  -cn \
  -h+dist/default/production\Assignment_16_Message_Display_Using_UART_CLCD.X.production.sym \
  --cmf=dist/default/production\Assignment_16_Message_Display_Using_UART_CLCD.X.production.cmf \
  -z -Q16F877A -oC:\Users\indra\AppData\Local\Temp\xcAsae0.\driver_tmp_3.o \
  --defsym=__MPLAB_BUILD=1 --fixupoverflow=error \
  -Mdist/default/production/Assignment_16_Message_Display_Using_UART_CLCD.X.production.map \
  --md=C:\Users\indra\AppData\Local\Temp\xcAsae0.\driver_tmp_0.dat -E1 \
  -ver=XC8 Compiler -ACODE=00h-07FFhx4 -ASTRCODE=00h-01FFFh \
  -ASTRING=00h-0FFhx32 -ACONST=00h-0FFhx32 -AENTRY=00h-0FFhx32 \
  -ACOMMON=070h-07Fh -ABANK0=020h-06Fh -ABANK1=0A0h-0EFh \
  -ABANK2=0110h-016Fh -ABANK3=0190h-01EFh \
  -ARAM=020h-06Fh,0A0h-0EFh,0110h-016Fh,0190h-01EFh \
  -AABS1=020h-07Fh,0A0h-0EFh,0110h-016Fh,0190h-01EFh -ASFR0=00h-01Fh \
  -ASFR1=080h-09Fh -ASFR2=0100h-010Fh -ASFR3=0180h-018Fh \
  -ACONFIG=02007h-02007h -DCONFIG=2 -AIDLOC=02000h-02003h -DIDLOC=2 \
  -AEEDATA=00h-0FFh/02100h -peeprom_data=EEDATA -DEEDATA=2 -DCODE=2 \
  -DSTRCODE=2 -DSTRING=2 -DCONST=2 -DENTRY=2 \
  -preset_vec=00h,intentry,sivt,init,end_init -ppowerup=CODE -pcinit=CODE \
  -pfunctab=ENTRY -k \
  C:\Users\indra\AppData\Local\Temp\xcAsae0.\driver_tmp_12.o \
  dist/default/production\Assignment_16_Message_Display_Using_UART_CLCD.X.production.o 

Object code version is 3.11

Machine type is 16F877A



                Name                               Link     Load   Length Selector   Space Scale
C:\Users\indra\AppData\Local\Temp\xcAsae0.\driver_tmp_12.o
                end_init                              0        0        3        0       0
                config                             2007     2007        1        0       4
dist/default/production\Assignment_16_Message_Display_Using_UART_CLCD.X.production.o
                cinit                               7EE      7EE       12      FDC       0
                config                             2007     2007        1        0       4
                text10                              655      655       20      CAA       0
                text9                               638      638       1D      C70       0
                text8                               5EE      5EE       11      BDC       0
                text7                               5CF      5CF        9      B9E       0
                text6                               6A5      6A5       57      D4A       0
                text5                               5D8      5D8        B      BB0       0
                text4                               6FC      6FC       64      DF8       0
                text3                               675      675       30      CEA       0
                text2                               623      623       15      C46       0
                text1                               5E3      5E3        B      BC6       0
                maintext                            760      760       8E      EC0       0
                cstackBANK0                          20       20       31       20       1
                cstackCOMMON                         70       70        E       70       1
                inittext                            610      610       13      C20       0
                dataBANK0                            51       51       11       20       1
                idataBANK0                          5FF      5FF       11      BFE       0

TOTAL           Name                               Link     Load   Length     Space
        CLASS   CODE           
                end_init                              0        0        3         0
                cinit                               7EE      7EE       12         0
                text10                              655      655       20         0
                text9                               638      638       1D         0
                text8                               5EE      5EE       11         0
                text7                               5CF      5CF        9         0
                text6                               6A5      6A5       57         0
                text5                               5D8      5D8        B         0
                text4                               6FC      6FC       64         0
                text3                               675      675       30         0
                text2                               623      623       15         0
                text1                               5E3      5E3        B         0
                maintext                            760      760       8E         0
                inittext                            610      610       13         0
                idataBANK0                          5FF      5FF       11         0

        CLASS   STRCODE        

        CLASS   STRING         

        CLASS   CONST          

        CLASS   ENTRY          

        CLASS   COMMON         
                cstackCOMMON                         70       70        E         1

        CLASS   BANK0          
                cstackBANK0                          20       20       31         1
                dataBANK0                            51       51       11         1

        CLASS   BANK1          

        CLASS   BANK2          

        CLASS   BANK3          

        CLASS   RAM            

        CLASS   ABS1           
                abs_s1                               7E       7E        2         1

        CLASS   SFR0           

        CLASS   SFR1           

        CLASS   SFR2           

        CLASS   SFR3           

        CLASS   CONFIG         
                config                             2007     2007        1         4

        CLASS   IDLOC          

        CLASS   EEDATA         

        CLASS   HEAP           

        CLASS   STACK          



SEGMENTS        Name                           Load    Length   Top    Selector   Space  Class     Delta

                reset_vec                      000000  000003  000003         0       0  CODE        2
                cstackBANK0                    000020  000042  000062        20       1  BANK0       1
                cstackCOMMON                   000070  00000E  00007E        70       1  COMMON      1
                text7                          0005CF  000009  0005D8       B9E       0  CODE        2
                text5                          0005D8  00000B  0005E3       BB0       0  CODE        2
                text1                          0005E3  00000B  0005EE       BC6       0  CODE        2
                text8                          0005EE  000011  0005FF       BDC       0  CODE        2
                idataBANK0                     0005FF  000011  000610       BFE       0  CODE        2
                inittext                       000610  000013  000623       C20       0  CODE        2
                text2                          000623  000015  000638       C46       0  CODE        2
                text9                          000638  00001D  000655       C70       0  CODE        2
                text10                         000655  000020  000675       CAA       0  CODE        2
                text3                          000675  000030  0006A5       CEA       0  CODE        2
                text6                          0006A5  000057  0006FC       D4A       0  CODE        2
                text4                          0006FC  000064  000760       DF8       0  CODE        2
                maintext                       000760  00008E  0007EE       EC0       0  CODE        2
                cinit                          0007EE  000012  000800       FDC       0  CODE        2


UNUSED ADDRESS RANGES

        Name                Unused          Largest block    Delta
        BANK0            0062-006F              E           1
        BANK1            00A0-00EF             50           1
        BANK2            0110-016F             60           1
        BANK3            0190-01EF             60           1
        CODE             0003-05CE            5CC           2
                         0800-1FFF            800
        CONST            0003-05CE            100           2
                         0800-1FFF            100
        EEDATA           2100-21FF            100           2
        ENTRY            0003-05CE            100           2
                         0800-1FFF            100
        IDLOC            2000-2003              4           2
        RAM              0062-006F              E           1
                         00A0-00EF             50
                         0110-016F             60
                         0190-01EF             60
        SFR0             0000-001F             20           1
        SFR1             0080-009F             20           1
        SFR2             0100-010F             10           1
        SFR3             0180-018F             10           1
        STRCODE          0003-05CE            5CC           2
                         0800-1FFF           1800
        STRING           0003-05CE            100           2
                         0800-1FFF            100

                                  Symbol Table

?___lldiv                        cstackCOMMON 0070
_CREN                            (abs)        00C4
_PORTD                           (abs)        0008
_RCIF                            (abs)        0065
_RCREG                           (abs)        001A
_RE1                             (abs)        0049
_RE2                             (abs)        004A
_SPBRG                           (abs)        0099
_SPEN                            (abs)        00C7
_TRISD                           (abs)        0088
_TRISE1                          (abs)        0449
_TRISE2                          (abs)        044A
_TXIF                            (abs)        0064
_TXREG                           (abs)        0019
__H__absolute__                  __absolute__ 0000
__Habs1                          abs1         0000
__Hbank0                         bank0        0000
__Hbank1                         bank1        0000
__Hbank2                         bank2        0000
__Hbank3                         bank3        0000
__Hcinit                         cinit        0800
__Hclrtext                       clrtext      0000
__Hcode                          code         0000
__Hcommon                        common       0000
__Hconfig                        config       2008
__HcstackBANK0                   cstackBANK0  0000
__HcstackCOMMON                  cstackCOMMON 0000
__HdataBANK0                     dataBANK0    0000
__Heeprom_data                   eeprom_data  0000
__Hend_init                      end_init     0003
__Hfunctab                       functab      0000
__Hheap                          heap         0000
__HidataBANK0                    idataBANK0   0000
__Hinit                          init         0000
__Hinittext                      inittext     0000
__Hintentry                      intentry     0000
__Hmaintext                      maintext     0000
__Hpowerup                       powerup      0000
__Hram                           ram          0000
__Hreset_vec                     reset_vec    0000
__Hsfr0                          sfr0         0000
__Hsfr1                          sfr1         0000
__Hsfr2                          sfr2         0000
__Hsfr3                          sfr3         0000
__Hsivt                          sivt         0000
__Hspace_0                       (abs)        0800
__Hspace_1                       (abs)        007E
__Hspace_2                       (abs)        0000
__Hspace_3                       (abs)        0000
__Hspace_4                       (abs)        400F
__Hstack                         stack        0000
__Hstrings                       strings      0000
__Htext                          text         0000
__L__absolute__                  __absolute__ 0000
__Labs1                          abs1         0000
__Lbank0                         bank0        0000
__Lbank1                         bank1        0000
__Lbank2                         bank2        0000
__Lbank3                         bank3        0000
__Lcinit                         cinit        07EE
__Lclrtext                       clrtext      0000
__Lcode                          code         0000
__Lcommon                        common       0000
__Lconfig                        config       0000
__LcstackBANK0                   cstackBANK0  0000
__LcstackCOMMON                  cstackCOMMON 0000
__LdataBANK0                     dataBANK0    0000
__Leeprom_data                   eeprom_data  0000
__Lend_init                      end_init     0000
__Lfunctab                       functab      0000
__Lheap                          heap         0000
__LidataBANK0                    idataBANK0   0000
__Linit                          init         0000
__Linittext                      inittext     0000
__Lintentry                      intentry     0000
__Lmaintext                      maintext     0000
__Lpowerup                       powerup      0000
__Lram                           ram          0000
__Lreset_vec                     reset_vec    0000
__Lsfr0                          sfr0         0000
__Lsfr1                          sfr1         0000
__Lsfr2                          sfr2         0000
__Lsfr3                          sfr3         0000
__Lsivt                          sivt         0000
__Lspace_0                       (abs)        0000
__Lspace_1                       (abs)        0000
__Lspace_2                       (abs)        0000
__Lspace_3                       (abs)        0000
__Lspace_4                       (abs)        0000
__Lstack                         stack        0000
__Lstrings                       strings      0000
__Ltext                          text         0000
__S0                             (abs)        0800
__S1                             (abs)        007E
__S3                             (abs)        0000
___heap_hi                       (abs)        0000
___heap_lo                       (abs)        0000
___int_sp                        stack        0000
___int_stack_hi                  stack        0000
___int_stack_lo                  stack        0000
___latbits                       (abs)        0002
___lldiv                         text4        06FC
___lldiv@counter                 cstackCOMMON 007D
___lldiv@dividend                cstackCOMMON 0074
___lldiv@divisor                 cstackCOMMON 0070
___lldiv@quotient                cstackCOMMON 0079
___sp                            stack        0000
___stack_hi                      stack        0000
___stack_lo                      stack        0000
___stackhi                       (abs)        0000
___stacklo                       (abs)        0000
__end_of___lldiv                 text4        0760
__end_of__initialization         cinit        07FC
__end_of_clcd_print              text9        0655
__end_of_clcd_putch              text8        05FF
__end_of_clcd_write              text10       0675
__end_of_getchar                 text7        05D8
__end_of_init_clcd               text5        05E3
__end_of_init_config             text2        0638
__end_of_init_display_controller text6        06FC
__end_of_init_uart               text3        06A5
__end_of_main                    maintext     07EE
__end_of_putchar                 text1        05EE
__initialization                 cinit        07EE
__pcstackBANK0                   cstackBANK0  0020
__pcstackCOMMON                  cstackCOMMON 0070
__pdataBANK0                     dataBANK0    0051
__pidataBANK0                    idataBANK0   05FF
__pmaintext                      maintext     0760
__ptext1                         text1        05E3
__ptext10                        text10       0655
__ptext2                         text2        0623
__ptext3                         text3        0675
__ptext4                         text4        06FC
__ptext5                         text5        05D8
__ptext6                         text6        06A5
__ptext7                         text7        05CF
__ptext8                         text8        05EE
__ptext9                         text9        0638
_clcd_print                      text9        0638
_clcd_putch                      text8        05EE
_clcd_write                      text10       0655
_getchar                         text7        05CF
_init_clcd                       text5        05D8
_init_config                     text2        0623
_init_display_controller         text6        06A5
_init_uart                       text3        0675
_main                            maintext     0760
_putchar                         text1        05E3
btemp                            (abs)        007E
clcd_print@addr                  cstackCOMMON 0075
clcd_print@str                   cstackCOMMON 0074
clcd_putch@addr                  cstackCOMMON 0074
clcd_putch@data                  cstackCOMMON 0075
clcd_write@byte                  cstackCOMMON 0073
clcd_write@mode                  cstackCOMMON 0070
end_of_initialization            cinit        07FC
init_fetch0                      inittext     0610
init_ram0                        inittext     0614
init_uart@baud                   cstackBANK0  0020
intlevel0                        functab      0000
intlevel1                        functab      0000
intlevel2                        functab      0000
intlevel3                        functab      0000
intlevel4                        functab      0000
intlevel5                        functab      0000
main@F1167                       dataBANK0    0051
main@ch                          cstackBANK0  004F
main@flag                        cstackBANK0  004E
main@i                           cstackBANK0  0050
main@line_1                      cstackBANK0  003D
main@line_2                      cstackBANK0  002C
putchar@data                     cstackCOMMON 0070
reset_vec                        reset_vec    0000
start                            init         0000
start_initialization             cinit        07EE
wtemp0                           (abs)        007E


MODULE INFORMATION

Module		Function		Class		Link	Load	Size
uart.c
		_init_uart     		CODE           	0675	0000	48
		_getchar       		CODE           	05CF	0000	9
		_putchar       		CODE           	05E3	0000	11

uart.c estimated size: 68

C:\Program Files\Microchip\xc8\v3.00\pic\sources\c99\common\__lldiv.c
		___lldiv       		CODE           	06FC	0000	100

C:\Program Files\Microchip\xc8\v3.00\pic\sources\c99\common\__lldiv.c estimated size: 100

shared
		__initialization		CODE           	07EE	0000	14

shared estimated size: 14

clcd.c
		_clcd_write    		CODE           	0655	0000	32
		_clcd_print    		CODE           	0638	0000	29
		_clcd_putch    		CODE           	05EE	0000	17
		_init_display_controller		CODE           	06A5	0000	87
		_init_clcd     		CODE           	05D8	0000	11

clcd.c estimated size: 176

main.c
		_main          		CODE           	0760	0000	142
		_init_config   		CODE           	0623	0000	21

main.c estimated size: 163

