Microchip MPLAB XC8 Compiler V2.50

Linker command line:

-W-3 \
  --edf=C:\Program Files\Microchip\xc8\v2.50\pic\dat\20240725155939_en.msgs \
  -cn \
  -h+dist/default/production\Assignment_04_LED_Bright_Ctrl.X.production.sym \
  --cmf=dist/default/production\Assignment_04_LED_Bright_Ctrl.X.production.cmf \
  -z -Q16F877A -oC:\Users\indra\AppData\Local\Temp\xcAsb2g.\driver_tmp_3.o \
  --defsym=__MPLAB_BUILD=1 --fixupoverflow=error \
  -Mdist/default/production/Assignment_04_LED_Bright_Ctrl.X.production.map \
  --md=C:\Users\indra\AppData\Local\Temp\xcAsb2g.\driver_tmp_0.dat -E1 \
  -ver=XC8 Compiler --acfsm=1493 -ACODE=00h-07FFhx4 -ASTRCODE=00h-01FFFh \
  -ASTRING=00h-0FFhx32 -ACONST=00h-0FFhx32 -AENTRY=00h-0FFhx32 \
  -ACOMMON=070h-07Fh -ABANK0=020h-06Fh -ABANK1=0A0h-0EFh \
  -ABANK2=0110h-016Fh -ABANK3=0190h-01EFh \
  -ARAM=020h-06Fh,0A0h-0EFh,0110h-016Fh,0190h-01EFh \
  -AABS1=020h-07Fh,0A0h-0EFh,0110h-016Fh,0190h-01EFh -ASFR0=00h-01Fh \
  -ASFR1=080h-09Fh -ASFR2=0100h-010Fh -ASFR3=0180h-018Fh \
  -ACONFIG=02007h-02007h -DCONFIG=2 -AIDLOC=02000h-02003h -DIDLOC=2 \
  -AEEDATA=00h-0FFh/02100h -peeprom_data=EEDATA -DEEDATA=2 -DCODE=2 \
  -DSTRCODE=2 -DSTRING=2 -DCONST=2 -DENTRY=2 \
  -preset_vec=00h,intentry=04h,sivt,init,end_init -ppowerup=CODE \
  -pcinit=CODE -pfunctab=ENTRY -k \
  C:\Users\indra\AppData\Local\Temp\xcAsb2g.\driver_tmp_12.o \
  dist/default/production\Assignment_04_LED_Bright_Ctrl.X.production.o 

Object code version is 3.11

Machine type is 16F877A



                Name                               Link     Load   Length Selector   Space Scale
C:\Users\indra\AppData\Local\Temp\xcAsb2g.\driver_tmp_12.o
                end_init                              C        C        3        8       0
                reset_vec                             0        0        3        0       0
dist/default/production\Assignment_04_LED_Bright_Ctrl.X.production.o
                cinit                                 F        F       2E        8       0
                intentry                              4        4        8        8       0
                text6                                8D       8D       50        8       0
                text5                                3D       3D       50        8       0
                text4                               158      158        6        8       0
                text3                               14A      14A        E        8       0
                text2                               134      134       16        8       0
                text1                               10A      10A       2A        8       0
                maintext                             DD       DD       2D        8       0
                cstackBANK0                          2A       2A        8       20       1
                cstackCOMMON                         75       75        5       70       1
                bssBANK0                             20       20        A       20       1
                dataCOMMON                           70       70        5       70       1
                bssCOMMON                            7A       7A        2       70       1
                idataCOMMON                         15E      15E        5        8       0

TOTAL           Name                               Link     Load   Length     Space
        CLASS   CODE           
                end_init                              C        C        3         0
                cinit                                 F        F       2E         0
                intentry                              4        4        8         0
                reset_vec                             0        0        3         0
                text6                                8D       8D       50         0
                text5                                3D       3D       50         0
                text4                               158      158        6         0
                text3                               14A      14A        E         0
                text2                               134      134       16         0
                text1                               10A      10A       2A         0
                maintext                             DD       DD       2D         0
                idataCOMMON                         15E      15E        5         0

        CLASS   STRCODE        

        CLASS   STRING         

        CLASS   CONST          

        CLASS   ENTRY          

        CLASS   COMMON         
                cstackCOMMON                         75       75        5         1
                dataCOMMON                           70       70        5         1
                bssCOMMON                            7A       7A        2         1

        CLASS   BANK0          
                cstackBANK0                          2A       2A        8         1
                bssBANK0                             20       20        A         1

        CLASS   BANK1          

        CLASS   BANK2          

        CLASS   BANK3          

        CLASS   RAM            

        CLASS   ABS1           
                abs_s1                               7E       7E        2         1

        CLASS   SFR0           

        CLASS   SFR1           

        CLASS   SFR2           

        CLASS   SFR3           

        CLASS   CONFIG         

        CLASS   IDLOC          

        CLASS   EEDATA         

        CLASS   HEAP           

        CLASS   STACK          



SEGMENTS        Name                           Load    Length   Top    Selector   Space  Class     Delta

                reset_vec                      000000  000003  000003         0       0  CODE        2
                intentry                       000004  00015F  000163         8       0  CODE        2
                bssBANK0                       000020  000012  000032        20       1  BANK0       1
                dataCOMMON                     000070  00000C  00007C        70       1  COMMON      1


UNUSED ADDRESS RANGES

        Name                Unused          Largest block    Delta
        BANK0            032-06F            3E           1
        BANK1            0A0-0EF            50           1
        BANK2            110-16F            60           1
        BANK3            190-1EF            60           1
        CODE             003-003             1           2
                         163-1FFF           800
        COMMON           07C-07D             2           1
        CONFIG           2007-2007             1           2
        CONST            003-003             1           2
                         163-1FFF           100
        EEDATA           2100-21FF           100           2
        ENTRY            003-003             1           2
                         163-1FFF           100
        IDLOC            2000-2003             4           2
        RAM              032-06F            3E           1
                         0A0-0EF            50
                         110-16F            60
                         190-1EF            60
        SFR0             000-01F            20           1
        SFR1             080-09F            20           1
        SFR2             100-10F            10           1
        SFR3             180-18F            10           1
        STRCODE          003-003             1           2
                         163-1FFF          1E9D
        STRING           003-003             1           2
                         163-1FFF           100

                                  Symbol Table

_GIE                         (abs)        05F
_PEIE                        (abs)        05E
_PERIOD                      dataCOMMON   070
_PORTB                       (abs)        006
_PORTD                       (abs)        008
_PR2                         (abs)        092
_RD0                         (abs)        040
_TMR2                        (abs)        011
_TMR2IE                      (abs)        461
_TMR2IF                      (abs)        061
_TMR2ON                      (abs)        092
_TRISB                       (abs)        086
_TRISD                       (abs)        088
__H__absolute__              __absolute__ 000
__Habs1                      abs1         000
__Hbank0                     bank0        000
__Hbank1                     bank1        000
__Hbank2                     bank2        000
__Hbank3                     bank3        000
__HbssBANK0                  bssBANK0     000
__HbssCOMMON                 bssCOMMON    000
__Hcinit                     cinit        03D
__Hclrtext                   clrtext      000
__Hcode                      code         000
__Hcommon                    common       000
__HcstackBANK0               cstackBANK0  000
__HcstackCOMMON              cstackCOMMON 000
__HdataCOMMON                dataCOMMON   000
__Heeprom_data               eeprom_data  000
__Hend_init                  end_init     00F
__Hfunctab                   functab      000
__Hheap                      heap         000
__HidataCOMMON               idataCOMMON  000
__Hinit                      init         00C
__Hintentry                  intentry     00C
__Hmaintext                  maintext     000
__Hpowerup                   powerup      000
__Hram                       ram          000
__Hreset_vec                 reset_vec    003
__Hsfr0                      sfr0         000
__Hsfr1                      sfr1         000
__Hsfr2                      sfr2         000
__Hsfr3                      sfr3         000
__Hsivt                      sivt         00C
__Hspace_0                   (abs)        163
__Hspace_1                   (abs)        07C
__Hspace_2                   (abs)        000
__Hspace_3                   (abs)        000
__Hstack                     stack        000
__Hstrings                   strings      000
__Htext                      text         000
__L__absolute__              __absolute__ 000
__Labs1                      abs1         000
__Lbank0                     bank0        000
__Lbank1                     bank1        000
__Lbank2                     bank2        000
__Lbank3                     bank3        000
__LbssBANK0                  bssBANK0     000
__LbssCOMMON                 bssCOMMON    000
__Lcinit                     cinit        00F
__Lclrtext                   clrtext      000
__Lcode                      code         000
__Lcommon                    common       000
__LcstackBANK0               cstackBANK0  000
__LcstackCOMMON              cstackCOMMON 000
__LdataCOMMON                dataCOMMON   000
__Leeprom_data               eeprom_data  000
__Lend_init                  end_init     00C
__Lfunctab                   functab      000
__Lheap                      heap         000
__LidataCOMMON               idataCOMMON  000
__Linit                      init         00C
__Lintentry                  intentry     004
__Lmaintext                  maintext     000
__Lpowerup                   powerup      000
__Lram                       ram          000
__Lreset_vec                 reset_vec    000
__Lsfr0                      sfr0         000
__Lsfr1                      sfr1         000
__Lsfr2                      sfr2         000
__Lsfr3                      sfr3         000
__Lsivt                      sivt         00C
__Lspace_0                   (abs)        000
__Lspace_1                   (abs)        000
__Lspace_2                   (abs)        000
__Lspace_3                   (abs)        000
__Lstack                     stack        000
__Lstrings                   strings      000
__Ltext                      text         000
__S0                         (abs)        163
__S1                         (abs)        07C
__S3                         (abs)        000
___heap_hi                   (abs)        000
___heap_lo                   (abs)        000
___int_sp                    stack        000
___int_stack_hi              stack        000
___int_stack_lo              stack        000
___latbits                   (abs)        002
___sp                        stack        000
___stack_hi                  stack        000
___stack_lo                  stack        000
___stackhi                   (abs)        000
___stacklo                   (abs)        000
__end_of__initialization     cinit        039
__end_of_init_config         text2        14A
__end_of_init_digital_keypad text4        15E
__end_of_init_timer2         text3        158
__end_of_isr                 text5        08D
__end_of_main                maintext     10A
__end_of_read_digital_keypad text1        134
__end_of_software_pwm        text6        0DD
__initialization             cinit        00F
__pbssBANK0                  bssBANK0     020
__pbssCOMMON                 bssCOMMON    07A
__pcstackBANK0               cstackBANK0  02A
__pcstackCOMMON              cstackCOMMON 075
__pdataCOMMON                dataCOMMON   070
__pidataCOMMON               idataCOMMON  15E
__pintentry                  intentry     004
__pmaintext                  maintext     0DD
__ptext1                     text1        10A
__ptext2                     text2        134
__ptext3                     text3        14A
__ptext4                     text4        158
__ptext5                     text5        03D
__ptext6                     text6        08D
_duty_cycle                  dataCOMMON   072
_flag                        bssCOMMON    07A
_init_config                 text2        134
_init_digital_keypad         text4        158
_init_timer2                 text3        14A
_isr                         text5        03D
_loop_counter                bssBANK0     020
_main                        maintext     0DD
_read_digital_keypad         text1        10A
_req_time                    bssBANK0     024
_software_pwm                text6        08D
btemp                        (abs)        07E
end_of_initialization        cinit        039
interrupt_function           intentry     004
intlevel0                    functab      000
intlevel1                    functab      000
intlevel2                    functab      000
intlevel3                    functab      000
intlevel4                    functab      000
intlevel5                    functab      000
isr@count                    bssBANK0     028
main@key                     cstackCOMMON 079
read_digital_keypad@mode     cstackCOMMON 078
read_digital_keypad@once     dataCOMMON   074
reset_vec                    reset_vec    000
saved_w                      (abs)        07E
start                        init         00C
start_initialization         cinit        00F
wtemp0                       (abs)        07E


MODULE INFORMATION

Module		Function		Class		Link	Load	Size
digital_keypad.c
		_init_digital_keypad		CODE           	0158	0000	6
		_read_digital_keypad		CODE           	010A	0000	42

digital_keypad.c estimated size: 48

timer.c
		_init_timer2   		CODE           	014A	0000	14

timer.c estimated size: 14

isr.c
		_software_pwm  		CODE           	008D	0000	80
		_isr           		CODE           	003D	0000	80

isr.c estimated size: 160

shared
		__initialization		CODE           	000F	0000	42

shared estimated size: 42

main.c
		_main          		CODE           	00DD	0000	45
		_init_config   		CODE           	0134	0000	22

main.c estimated size: 67

