Microchip MPLAB XC8 Compiler V3.00

Linker command line:

-W-3 \
  --edf=C:\Program Files\Microchip\xc8\v3.00\pic\dat\20241204225717_en.msgs \
  -cn \
  -h+dist/default/production\Assignment_10_Scrolling_Number_Marquee.X.production.sym \
  --cmf=dist/default/production\Assignment_10_Scrolling_Number_Marquee.X.production.cmf \
  -z -Q16F877A -oC:\Users\indra\AppData\Local\Temp\xcAse38.\driver_tmp_3.o \
  --defsym=__MPLAB_BUILD=1 --fixupoverflow=error \
  -Mdist/default/production/Assignment_10_Scrolling_Number_Marquee.X.production.map \
  --md=C:\Users\indra\AppData\Local\Temp\xcAse38.\driver_tmp_0.dat -E1 \
  -ver=XC8 Compiler -ACODE=00h-07FFhx4 -ASTRCODE=00h-01FFFh \
  -ASTRING=00h-0FFhx32 -ACONST=00h-0FFhx32 -AENTRY=00h-0FFhx32 \
  -ACOMMON=070h-07Fh -ABANK0=020h-06Fh -ABANK1=0A0h-0EFh \
  -ABANK2=0110h-016Fh -ABANK3=0190h-01EFh \
  -ARAM=020h-06Fh,0A0h-0EFh,0110h-016Fh,0190h-01EFh \
  -AABS1=020h-07Fh,0A0h-0EFh,0110h-016Fh,0190h-01EFh -ASFR0=00h-01Fh \
  -ASFR1=080h-09Fh -ASFR2=0100h-010Fh -ASFR3=0180h-018Fh \
  -ACONFIG=02007h-02007h -DCONFIG=2 -AIDLOC=02000h-02003h -DIDLOC=2 \
  -AEEDATA=00h-0FFh/02100h -peeprom_data=EEDATA -DEEDATA=2 -DCODE=2 \
  -DSTRCODE=2 -DSTRING=2 -DCONST=2 -DENTRY=2 \
  -preset_vec=00h,intentry,sivt,init,end_init -ppowerup=CODE -pcinit=CODE \
  -pfunctab=ENTRY -k \
  C:\Users\indra\AppData\Local\Temp\xcAse38.\driver_tmp_12.o \
  dist/default/production\Assignment_10_Scrolling_Number_Marquee.X.production.o 

Object code version is 3.11

Machine type is 16F877A



                Name                               Link     Load   Length Selector   Space Scale
C:\Users\indra\AppData\Local\Temp\xcAse38.\driver_tmp_12.o
                end_init                              0        0        3        0       0
                config                             2007     2007        1        0       4
dist/default/production\Assignment_10_Scrolling_Number_Marquee.X.production.o
                cinit                               7ED      7ED       13      FDA       0
                config                             2007     2007        1        0       4
                text6                               615      615       57      C2A       0
                text5                               5C2      5C2       53      B84       0
                text4                               53E      53E        6      A7C       0
                text3                               54F      54F        C      A9E       0
                text2                               544      544        B      A88       0
                text1                               582      582       40      B04       0
                maintext                            66C      66C      181      CD8       0
                cstackBANK0                          20       20       19       20       1
                cstackCOMMON                         70       70        E       70       1
                inittext                            55B      55B       13      AB6       0
                dataBANK0                            39       39       14       20       1
                bssBANK0                             4D       4D        1       20       1
                idataBANK0                          56E      56E       14      ADC       0

TOTAL           Name                               Link     Load   Length     Space
        CLASS   CODE           
                end_init                              0        0        3         0
                cinit                               7ED      7ED       13         0
                text6                               615      615       57         0
                text5                               5C2      5C2       53         0
                text4                               53E      53E        6         0
                text3                               54F      54F        C         0
                text2                               544      544        B         0
                text1                               582      582       40         0
                maintext                            66C      66C      181         0
                inittext                            55B      55B       13         0
                idataBANK0                          56E      56E       14         0

        CLASS   STRCODE        

        CLASS   STRING         

        CLASS   CONST          

        CLASS   ENTRY          

        CLASS   COMMON         
                cstackCOMMON                         70       70        E         1

        CLASS   BANK0          
                cstackBANK0                          20       20       19         1
                dataBANK0                            39       39       14         1
                bssBANK0                             4D       4D        1         1

        CLASS   BANK1          

        CLASS   BANK2          

        CLASS   BANK3          

        CLASS   RAM            

        CLASS   ABS1           
                abs_s1                               7E       7E        2         1

        CLASS   SFR0           

        CLASS   SFR1           

        CLASS   SFR2           

        CLASS   SFR3           

        CLASS   CONFIG         
                config                             2007     2007        1         4

        CLASS   IDLOC          

        CLASS   EEDATA         

        CLASS   HEAP           

        CLASS   STACK          



SEGMENTS        Name                           Load    Length   Top    Selector   Space  Class     Delta

                reset_vec                      000000  000003  000003         0       0  CODE        2
                cstackBANK0                    000020  00002E  00004E        20       1  BANK0       1
                cstackCOMMON                   000070  00000E  00007E        70       1  COMMON      1
                text4                          00053E  000006  000544       A7C       0  CODE        2
                text2                          000544  00000B  00054F       A88       0  CODE        2
                text3                          00054F  00000C  00055B       A9E       0  CODE        2
                inittext                       00055B  000013  00056E       AB6       0  CODE        2
                idataBANK0                     00056E  000014  000582       ADC       0  CODE        2
                text1                          000582  000040  0005C2       B04       0  CODE        2
                text5                          0005C2  000053  000615       B84       0  CODE        2
                text6                          000615  000057  00066C       C2A       0  CODE        2
                maintext                       00066C  000181  0007ED       CD8       0  CODE        2
                cinit                          0007ED  000013  000800       FDA       0  CODE        2


UNUSED ADDRESS RANGES

        Name                Unused          Largest block    Delta
        BANK0            004E-006F             22           1
        BANK1            00A0-00EF             50           1
        BANK2            0110-016F             60           1
        BANK3            0190-01EF             60           1
        CODE             0003-053D            53B           2
                         0800-1FFF            800
        CONST            0003-053D            100           2
                         0800-1FFF            100
        EEDATA           2100-21FF            100           2
        ENTRY            0003-053D            100           2
                         0800-1FFF            100
        IDLOC            2000-2003              4           2
        RAM              004E-006F             22           1
                         00A0-00EF             50
                         0110-016F             60
                         0190-01EF             60
        SFR0             0000-001F             20           1
        SFR1             0080-009F             20           1
        SFR2             0100-010F             10           1
        SFR3             0180-018F             10           1
        STRCODE          0003-053D            53B           2
                         0800-1FFF           1800
        STRING           0003-053D            100           2
                         0800-1FFF            100

                                  Symbol Table

?___awmod                    cstackCOMMON 0070
_PORTA                       (abs)        0005
_PORTB                       (abs)        0006
_PORTD                       (abs)        0008
_TRISA                       (abs)        0085
_TRISB                       (abs)        0086
_TRISD                       (abs)        0088
__H__absolute__              __absolute__ 0000
__Habs1                      abs1         0000
__Hbank0                     bank0        0000
__Hbank1                     bank1        0000
__Hbank2                     bank2        0000
__Hbank3                     bank3        0000
__HbssBANK0                  bssBANK0     0000
__Hcinit                     cinit        0800
__Hclrtext                   clrtext      0000
__Hcode                      code         0000
__Hcommon                    common       0000
__Hconfig                    config       2008
__HcstackBANK0               cstackBANK0  0000
__HcstackCOMMON              cstackCOMMON 0000
__HdataBANK0                 dataBANK0    0000
__Heeprom_data               eeprom_data  0000
__Hend_init                  end_init     0003
__Hfunctab                   functab      0000
__Hheap                      heap         0000
__HidataBANK0                idataBANK0   0000
__Hinit                      init         0000
__Hinittext                  inittext     0000
__Hintentry                  intentry     0000
__Hmaintext                  maintext     0000
__Hpowerup                   powerup      0000
__Hram                       ram          0000
__Hreset_vec                 reset_vec    0000
__Hsfr0                      sfr0         0000
__Hsfr1                      sfr1         0000
__Hsfr2                      sfr2         0000
__Hsfr3                      sfr3         0000
__Hsivt                      sivt         0000
__Hspace_0                   (abs)        0800
__Hspace_1                   (abs)        007E
__Hspace_2                   (abs)        0000
__Hspace_3                   (abs)        0000
__Hspace_4                   (abs)        400F
__Hstack                     stack        0000
__Hstrings                   strings      0000
__Htext                      text         0000
__L__absolute__              __absolute__ 0000
__Labs1                      abs1         0000
__Lbank0                     bank0        0000
__Lbank1                     bank1        0000
__Lbank2                     bank2        0000
__Lbank3                     bank3        0000
__LbssBANK0                  bssBANK0     0000
__Lcinit                     cinit        07ED
__Lclrtext                   clrtext      0000
__Lcode                      code         0000
__Lcommon                    common       0000
__Lconfig                    config       0000
__LcstackBANK0               cstackBANK0  0000
__LcstackCOMMON              cstackCOMMON 0000
__LdataBANK0                 dataBANK0    0000
__Leeprom_data               eeprom_data  0000
__Lend_init                  end_init     0000
__Lfunctab                   functab      0000
__Lheap                      heap         0000
__LidataBANK0                idataBANK0   0000
__Linit                      init         0000
__Linittext                  inittext     0000
__Lintentry                  intentry     0000
__Lmaintext                  maintext     0000
__Lpowerup                   powerup      0000
__Lram                       ram          0000
__Lreset_vec                 reset_vec    0000
__Lsfr0                      sfr0         0000
__Lsfr1                      sfr1         0000
__Lsfr2                      sfr2         0000
__Lsfr3                      sfr3         0000
__Lsivt                      sivt         0000
__Lspace_0                   (abs)        0000
__Lspace_1                   (abs)        0000
__Lspace_2                   (abs)        0000
__Lspace_3                   (abs)        0000
__Lspace_4                   (abs)        0000
__Lstack                     stack        0000
__Lstrings                   strings      0000
__Ltext                      text         0000
__S0                         (abs)        0800
__S1                         (abs)        007E
__S3                         (abs)        0000
___awmod                     text6        0615
___awmod@counter             cstackCOMMON 0074
___awmod@dividend            cstackCOMMON 0072
___awmod@divisor             cstackCOMMON 0070
___awmod@sign                cstackCOMMON 0075
___heap_hi                   (abs)        0000
___heap_lo                   (abs)        0000
___int_sp                    stack        0000
___int_stack_hi              stack        0000
___int_stack_lo              stack        0000
___latbits                   (abs)        0002
___sp                        stack        0000
___stack_hi                  stack        0000
___stack_lo                  stack        0000
___stackhi                   (abs)        0000
___stacklo                   (abs)        0000
__end_of___awmod             text6        066C
__end_of__initialization     cinit        07FC
__end_of_display             text5        0615
__end_of_init_config         text2        054F
__end_of_init_digital_keypad text4        0544
__end_of_init_ssd            text3        055B
__end_of_key_press           text1        05C2
__end_of_main                maintext     07ED
__initialization             cinit        07ED
__pbssBANK0                  bssBANK0     004D
__pcstackBANK0               cstackBANK0  0020
__pcstackCOMMON              cstackCOMMON 0070
__pdataBANK0                 dataBANK0    0039
__pidataBANK0                idataBANK0   056E
__pmaintext                  maintext     066C
__ptext1                     text1        0582
__ptext2                     text2        0544
__ptext3                     text3        054F
__ptext4                     text4        053E
__ptext5                     text5        05C2
__ptext6                     text6        0615
_display                     text5        05C2
_init_config                 text2        0544
_init_digital_keypad         text4        053E
_init_ssd                    text3        054F
_key_press                   text1        0582
_main                        maintext     066C
btemp                        (abs)        007E
display@data                 cstackCOMMON 0070
display@digit                cstackCOMMON 0079
display@wait                 cstackCOMMON 0075
end_of_initialization        cinit        07FC
init_fetch0                  inittext     055B
init_ram0                    inittext     055F
intlevel0                    functab      0000
intlevel1                    functab      0000
intlevel2                    functab      0000
intlevel3                    functab      0000
intlevel4                    functab      0000
intlevel5                    functab      0000
key_press@left               dataBANK0    004C
key_press@right              dataBANK0    004B
key_press@start              dataBANK0    0049
key_press@stop               dataBANK0    004A
main@F995                    dataBANK0    0045
main@F997                    dataBANK0    0039
main@count                   cstackBANK0  0038
main@digit                   cstackBANK0  0020
main@flag                    cstackBANK0  0037
main@flag_count              cstackBANK0  0031
main@opt                     cstackBANK0  0036
main@prev                    cstackBANK0  002E
main@ssd                     cstackBANK0  0032
main@wait1                   cstackBANK0  002C
main@wait2                   cstackBANK0  002F
reset_vec                    reset_vec    0000
start                        init         0000
start_initialization         cinit        07ED
wtemp0                       (abs)        007E


MODULE INFORMATION

Module		Function		Class		Link	Load	Size
ssd.c
		_init_ssd      		CODE           	054F	0000	12
		_display       		CODE           	05C2	0000	83

ssd.c estimated size: 95

digital_keypad.c
		_key_press     		CODE           	0582	0000	64
		_init_digital_keypad		CODE           	053E	0000	6

digital_keypad.c estimated size: 70

C:\Program Files\Microchip\xc8\v3.00\pic\sources\c99\common\awmod.c
		___awmod       		CODE           	0615	0000	87

C:\Program Files\Microchip\xc8\v3.00\pic\sources\c99\common\awmod.c estimated size: 87

shared
		__initialization		CODE           	07ED	0000	15

shared estimated size: 15

main.c
		_main          		CODE           	066C	0000	385
		_init_config   		CODE           	0544	0000	11

main.c estimated size: 396

