Microchip MPLAB XC8 Compiler V2.50

Linker command line:

-W-3 \
  --edf=C:\Program Files\Microchip\xc8\v2.50\pic\dat\20240725155939_en.msgs \
  -cn -h+dist/default/production\Assignment_05_LED_DImApp.X.production.sym \
  --cmf=dist/default/production\Assignment_05_LED_DImApp.X.production.cmf \
  -z -Q16F877A -oC:\Users\indra\AppData\Local\Temp\xcAsarg.\driver_tmp_3.o \
  --defsym=__MPLAB_BUILD=1 --fixupoverflow=error \
  -Mdist/default/production/Assignment_05_LED_DImApp.X.production.map \
  --md=C:\Users\indra\AppData\Local\Temp\xcAsarg.\driver_tmp_0.dat -E1 \
  -ver=XC8 Compiler --acfsm=1493 -ACODE=00h-07FFhx4 -ASTRCODE=00h-01FFFh \
  -ASTRING=00h-0FFhx32 -ACONST=00h-0FFhx32 -AENTRY=00h-0FFhx32 \
  -ACOMMON=070h-07Fh -ABANK0=020h-06Fh -ABANK1=0A0h-0EFh \
  -ABANK2=0110h-016Fh -ABANK3=0190h-01EFh \
  -ARAM=020h-06Fh,0A0h-0EFh,0110h-016Fh,0190h-01EFh \
  -AABS1=020h-07Fh,0A0h-0EFh,0110h-016Fh,0190h-01EFh -ASFR0=00h-01Fh \
  -ASFR1=080h-09Fh -ASFR2=0100h-010Fh -ASFR3=0180h-018Fh \
  -ACONFIG=02007h-02007h -DCONFIG=2 -AIDLOC=02000h-02003h -DIDLOC=2 \
  -AEEDATA=00h-0FFh/02100h -peeprom_data=EEDATA -DEEDATA=2 -DCODE=2 \
  -DSTRCODE=2 -DSTRING=2 -DCONST=2 -DENTRY=2 \
  -preset_vec=00h,intentry=04h,sivt,init,end_init -ppowerup=CODE \
  -pcinit=CODE -pfunctab=ENTRY -k \
  C:\Users\indra\AppData\Local\Temp\xcAsarg.\driver_tmp_12.o \
  dist/default/production\Assignment_05_LED_DImApp.X.production.o 

Object code version is 3.11

Machine type is 16F877A



                Name                               Link     Load   Length Selector   Space Scale
C:\Users\indra\AppData\Local\Temp\xcAsarg.\driver_tmp_12.o
                end_init                              C        C        3        8       0
                reset_vec                             0        0        3        0       0
                config                             2007     2007        1        0       4
dist/default/production\Assignment_05_LED_DImApp.X.production.o
                cinit                                 F        F       1C        8       0
                intentry                              4        4        8        8       0
                config                             2007     2007        1        0       4
                text6                               168      168        E        8       0
                text5                               182      182        B        8       0
                text4                               15A      15A        E        8       0
                text3                               18D      18D        6        8       0
                text2                               11D      11D       2A        8       0
                text1                                CF       CF       4E        8       0
                maintext                             2B       2B       A4        8       0
                cstackCOMMON                         70       70        9       70       1
                inittext                            147      147       13        8       0
                dataBANK0                            20       20        C       20       1
                bssBANK0                             2C       2C        4       20       1
                dataCOMMON                           79       79        1       70       1
                idataBANK0                          176      176        C        8       0
                idataCOMMON                         193      193        1        8       0

TOTAL           Name                               Link     Load   Length     Space
        CLASS   CODE           
                end_init                              C        C        3         0
                cinit                                 F        F       1C         0
                intentry                              4        4        8         0
                reset_vec                             0        0        3         0
                text6                               168      168        E         0
                text5                               182      182        B         0
                text4                               15A      15A        E         0
                text3                               18D      18D        6         0
                text2                               11D      11D       2A         0
                text1                                CF       CF       4E         0
                maintext                             2B       2B       A4         0
                inittext                            147      147       13         0
                idataBANK0                          176      176        C         0
                idataCOMMON                         193      193        1         0

        CLASS   STRCODE        

        CLASS   STRING         

        CLASS   CONST          

        CLASS   ENTRY          

        CLASS   COMMON         
                cstackCOMMON                         70       70        9         1
                dataCOMMON                           79       79        1         1

        CLASS   BANK0          
                dataBANK0                            20       20        C         1
                bssBANK0                             2C       2C        4         1

        CLASS   BANK1          

        CLASS   BANK2          

        CLASS   BANK3          

        CLASS   RAM            

        CLASS   ABS1           
                abs_s1                               7E       7E        2         1

        CLASS   SFR0           

        CLASS   SFR1           

        CLASS   SFR2           

        CLASS   SFR3           

        CLASS   CONFIG         
                config                             2007     2007        1         4

        CLASS   IDLOC          

        CLASS   EEDATA         

        CLASS   HEAP           

        CLASS   STACK          



SEGMENTS        Name                           Load    Length   Top    Selector   Space  Class     Delta

                reset_vec                      000000  000003  000003         0       0  CODE        2
                intentry                       000004  000190  000194         8       0  CODE        2
                dataBANK0                      000020  000010  000030        20       1  BANK0       1
                cstackCOMMON                   000070  00000A  00007A        70       1  COMMON      1


UNUSED ADDRESS RANGES

        Name                Unused          Largest block    Delta
        BANK0            0030-006F             40           1
        BANK1            00A0-00EF             50           1
        BANK2            0110-016F             60           1
        BANK3            0190-01EF             60           1
        CODE             0003-0003              1           2
                         0194-1FFF            800
        COMMON           007A-007D              4           1
        CONST            0003-0003              1           2
                         0194-1FFF            100
        EEDATA           2100-21FF            100           2
        ENTRY            0003-0003              1           2
                         0194-1FFF            100
        IDLOC            2000-2003              4           2
        RAM              0030-006F             40           1
                         00A0-00EF             50
                         0110-016F             60
                         0190-01EF             60
        SFR0             0000-001F             20           1
        SFR1             0080-009F             20           1
        SFR2             0100-010F             10           1
        SFR3             0180-018F             10           1
        STRCODE          0003-0003              1           2
                         0194-1FFF           1E6C
        STRING           0003-0003              1           2
                         0194-1FFF            100

                                  Symbol Table

_GIE                         (abs)        005F
_PEIE                        (abs)        005E
_PORTB                       (abs)        0006
_PORTD                       (abs)        0008
_PR2                         (abs)        0092
_RD0                         (abs)        0040
_TMR2IE                      (abs)        0461
_TMR2IF                      (abs)        0061
_TMR2ON                      (abs)        0092
_TRISB                       (abs)        0086
_TRISD                       (abs)        0088
__H__absolute__              __absolute__ 0000
__Habs1                      abs1         0000
__Hbank0                     bank0        0000
__Hbank1                     bank1        0000
__Hbank2                     bank2        0000
__Hbank3                     bank3        0000
__HbssBANK0                  bssBANK0     0000
__Hcinit                     cinit        002B
__Hclrtext                   clrtext      0000
__Hcode                      code         0000
__Hcommon                    common       0000
__Hconfig                    config       2008
__HcstackCOMMON              cstackCOMMON 0000
__HdataBANK0                 dataBANK0    0000
__HdataCOMMON                dataCOMMON   0000
__Heeprom_data               eeprom_data  0000
__Hend_init                  end_init     000F
__Hfunctab                   functab      0000
__Hheap                      heap         0000
__HidataBANK0                idataBANK0   0000
__HidataCOMMON               idataCOMMON  0000
__Hinit                      init         000C
__Hinittext                  inittext     0000
__Hintentry                  intentry     000C
__Hmaintext                  maintext     0000
__Hpowerup                   powerup      0000
__Hram                       ram          0000
__Hreset_vec                 reset_vec    0003
__Hsfr0                      sfr0         0000
__Hsfr1                      sfr1         0000
__Hsfr2                      sfr2         0000
__Hsfr3                      sfr3         0000
__Hsivt                      sivt         000C
__Hspace_0                   (abs)        0194
__Hspace_1                   (abs)        007A
__Hspace_2                   (abs)        0000
__Hspace_3                   (abs)        0000
__Hspace_4                   (abs)        400F
__Hstack                     stack        0000
__Hstrings                   strings      0000
__Htext                      text         0000
__L__absolute__              __absolute__ 0000
__Labs1                      abs1         0000
__Lbank0                     bank0        0000
__Lbank1                     bank1        0000
__Lbank2                     bank2        0000
__Lbank3                     bank3        0000
__LbssBANK0                  bssBANK0     0000
__Lcinit                     cinit        000F
__Lclrtext                   clrtext      0000
__Lcode                      code         0000
__Lcommon                    common       0000
__Lconfig                    config       0000
__LcstackCOMMON              cstackCOMMON 0000
__LdataBANK0                 dataBANK0    0000
__LdataCOMMON                dataCOMMON   0000
__Leeprom_data               eeprom_data  0000
__Lend_init                  end_init     000C
__Lfunctab                   functab      0000
__Lheap                      heap         0000
__LidataBANK0                idataBANK0   0000
__LidataCOMMON               idataCOMMON  0000
__Linit                      init         000C
__Linittext                  inittext     0000
__Lintentry                  intentry     0004
__Lmaintext                  maintext     0000
__Lpowerup                   powerup      0000
__Lram                       ram          0000
__Lreset_vec                 reset_vec    0000
__Lsfr0                      sfr0         0000
__Lsfr1                      sfr1         0000
__Lsfr2                      sfr2         0000
__Lsfr3                      sfr3         0000
__Lsivt                      sivt         000C
__Lspace_0                   (abs)        0000
__Lspace_1                   (abs)        0000
__Lspace_2                   (abs)        0000
__Lspace_3                   (abs)        0000
__Lspace_4                   (abs)        0000
__Lstack                     stack        0000
__Lstrings                   strings      0000
__Ltext                      text         0000
__S0                         (abs)        0194
__S1                         (abs)        007A
__S3                         (abs)        0000
___heap_hi                   (abs)        0000
___heap_lo                   (abs)        0000
___int_sp                    stack        0000
___int_stack_hi              stack        0000
___int_stack_lo              stack        0000
___latbits                   (abs)        0002
___sp                        stack        0000
___stack_hi                  stack        0000
___stack_lo                  stack        0000
___stackhi                   (abs)        0000
___stacklo                   (abs)        0000
__end_of__initialization     cinit        0027
__end_of_init_config         text4        0168
__end_of_init_digital_keypad text3        0193
__end_of_init_timer          text5        018D
__end_of_isr                 text6        0176
__end_of_main                maintext     00CF
__end_of_read_digital_keypad text2        0147
__end_of_software_pwm        text1        011D
__initialization             cinit        000F
__pbssBANK0                  bssBANK0     002C
__pcstackCOMMON              cstackCOMMON 0070
__pdataBANK0                 dataBANK0    0020
__pdataCOMMON                dataCOMMON   0079
__pidataBANK0                idataBANK0   0176
__pidataCOMMON               idataCOMMON  0193
__pintentry                  intentry     0004
__pmaintext                  maintext     002B
__ptext1                     text1        00CF
__ptext2                     text2        011D
__ptext3                     text3        018D
__ptext4                     text4        015A
__ptext5                     text5        0182
__ptext6                     text6        0168
_duty_cycle                  dataBANK0    0028
_init_config                 text4        015A
_init_digital_keypad         text3        018D
_init_timer                  text5        0182
_isr                         text6        0168
_loop_counter                bssBANK0     002C
_main                        maintext     002B
_read_digital_keypad         text2        011D
_software_pwm                text1        00CF
_wait                        dataBANK0    0020
btemp                        (abs)        007E
end_of_initialization        cinit        0027
init_fetch0                  inittext     0147
init_ram0                    inittext     014B
interrupt_function           intentry     0004
intlevel0                    functab      0000
intlevel1                    functab      0000
intlevel2                    functab      0000
intlevel3                    functab      0000
intlevel4                    functab      0000
intlevel5                    functab      0000
main@key                     cstackCOMMON 0078
read_digital_keypad@mode     cstackCOMMON 0073
read_digital_keypad@once     dataCOMMON   0079
reset_vec                    reset_vec    0000
saved_w                      (abs)        007E
start                        init         000C
start_initialization         cinit        000F
wtemp0                       (abs)        007E


MODULE INFORMATION

Module		Function		Class		Link	Load	Size
digital_keypad.c
		_init_digital_keypad		CODE           	018D	0000	6
		_read_digital_keypad		CODE           	011D	0000	42

digital_keypad.c estimated size: 48

timer.c
		_init_timer    		CODE           	0182	0000	11

timer.c estimated size: 11

isr.c
		_software_pwm  		CODE           	00CF	0000	78
		_isr           		CODE           	0168	0000	14

isr.c estimated size: 92

shared
		__initialization		CODE           	000F	0000	24

shared estimated size: 24

main.c
		_main          		CODE           	002B	0000	164
		_init_config   		CODE           	015A	0000	14

main.c estimated size: 178

