Microchip MPLAB XC8 Compiler V3.00

Linker command line:

-W-3 \
  --edf=C:\Program Files\Microchip\xc8\v3.00\pic\dat\20241204225717_en.msgs \
  -cn \
  -h+dist/default/production\Assignment_17_DynamicScrollingNumber_Marquee.X.production.sym \
  --cmf=dist/default/production\Assignment_17_DynamicScrollingNumber_Marquee.X.production.cmf \
  -z -Q16F877A -oC:\Users\indra\AppData\Local\Temp\xcAsfi4.\driver_tmp_3.o \
  --defsym=__MPLAB_BUILD=1 --fixupoverflow=error \
  -Mdist/default/production/Assignment_17_DynamicScrollingNumber_Marquee.X.production.map \
  --md=C:\Users\indra\AppData\Local\Temp\xcAsfi4.\driver_tmp_0.dat -E1 \
  -ver=XC8 Compiler -ACODE=00h-07FFhx4 -ASTRCODE=00h-01FFFh \
  -ASTRING=00h-0FFhx32 -ACONST=00h-0FFhx32 -AENTRY=00h-0FFhx32 \
  -ACOMMON=070h-07Fh -ABANK0=020h-06Fh -ABANK1=0A0h-0EFh \
  -ABANK2=0110h-016Fh -ABANK3=0190h-01EFh \
  -ARAM=020h-06Fh,0A0h-0EFh,0110h-016Fh,0190h-01EFh \
  -AABS1=020h-07Fh,0A0h-0EFh,0110h-016Fh,0190h-01EFh -ASFR0=00h-01Fh \
  -ASFR1=080h-09Fh -ASFR2=0100h-010Fh -ASFR3=0180h-018Fh \
  -ACONFIG=02007h-02007h -DCONFIG=2 -AIDLOC=02000h-02003h -DIDLOC=2 \
  -AEEDATA=00h-0FFh/02100h -peeprom_data=EEDATA -DEEDATA=2 -DCODE=2 \
  -DSTRCODE=2 -DSTRING=2 -DCONST=2 -DENTRY=2 \
  -preset_vec=00h,intentry,sivt,init,end_init -ppowerup=CODE -pcinit=CODE \
  -pfunctab=ENTRY -k \
  C:\Users\indra\AppData\Local\Temp\xcAsfi4.\driver_tmp_12.o \
  dist/default/production\Assignment_17_DynamicScrollingNumber_Marquee.X.production.o 

Object code version is 3.11

Machine type is 16F877A



                Name                               Link     Load   Length Selector   Space Scale
C:\Users\indra\AppData\Local\Temp\xcAsfi4.\driver_tmp_12.o
                end_init                              0        0        3        0       0
                config                             2007     2007        1        0       4
dist/default/production\Assignment_17_DynamicScrollingNumber_Marquee.X.production.o
                cinit                               7E5      7E5       1B      FCA       0
                config                             2007     2007        1        0       4
                text13                              3A6      3A6       20      74C       0
                text12                              3E9      3E9       25      7D2       0
                text11                              40E      40E       57      81C       0
                text10                              348      348        B      690       0
                text9                               35E      35E       10      6BC       0
                text8                               353      353        B      6A6       0
                text7                               51F      51F       AC      A3E       0
                text6                               3C6      3C6       23      78C       0
                text5                               392      392       14      724       0
                text4                               4BC      4BC       63      978       0
                text3                               465      465       57      8CA       0
                text2                               36E      36E       11      6DC       0
                text1                               5CB      5CB       B5      B96       0
                maintext                            680      680      165      D00       0
                cstackBANK0                          20       20       10       20       1
                cstackCOMMON                         70       70        C       70       1
                inittext                            37F      37F       13      6FE       0
                dataBANK0                            30       30        A       20       1
                bssBANK0                             3A       3A        3       20       1
                dataCOMMON                           7C       7C        1       70       1
                strings                               3        3       1A        6       0
                idataBANK0                          33E      33E        A      67C       0
                idataCOMMON                         33D      33D        1      67A       0

TOTAL           Name                               Link     Load   Length     Space
        CLASS   CODE           
                end_init                              0        0        3         0
                cinit                               7E5      7E5       1B         0
                text13                              3A6      3A6       20         0
                text12                              3E9      3E9       25         0
                text11                              40E      40E       57         0
                text10                              348      348        B         0
                text9                               35E      35E       10         0
                text8                               353      353        B         0
                text7                               51F      51F       AC         0
                text6                               3C6      3C6       23         0
                text5                               392      392       14         0
                text4                               4BC      4BC       63         0
                text3                               465      465       57         0
                text2                               36E      36E       11         0
                text1                               5CB      5CB       B5         0
                maintext                            680      680      165         0
                inittext                            37F      37F       13         0
                idataBANK0                          33E      33E        A         0
                idataCOMMON                         33D      33D        1         0

        CLASS   STRCODE        

        CLASS   STRING         
                strings                               3        3       1A         0

        CLASS   CONST          

        CLASS   ENTRY          

        CLASS   COMMON         
                cstackCOMMON                         70       70        C         1
                dataCOMMON                           7C       7C        1         1

        CLASS   BANK0          
                cstackBANK0                          20       20       10         1
                dataBANK0                            30       30        A         1
                bssBANK0                             3A       3A        3         1

        CLASS   BANK1          

        CLASS   BANK2          

        CLASS   BANK3          

        CLASS   RAM            

        CLASS   ABS1           
                abs_s1                               7E       7E        2         1

        CLASS   SFR0           

        CLASS   SFR1           

        CLASS   SFR2           

        CLASS   SFR3           

        CLASS   CONFIG         
                config                             2007     2007        1         4

        CLASS   IDLOC          

        CLASS   EEDATA         

        CLASS   HEAP           

        CLASS   STACK          



SEGMENTS        Name                           Load    Length   Top    Selector   Space  Class     Delta

                reset_vec                      000000  000003  000003         0       0  CODE        2
                strings                        000003  00001A  00001D         6       0  STRING      2
                cstackBANK0                    000020  00001D  00003D        20       1  BANK0       1
                cstackCOMMON                   000070  00000D  00007D        70       1  COMMON      1
                idataCOMMON                    00033D  000001  00033E       67A       0  CODE        2
                idataBANK0                     00033E  00000A  000348       67C       0  CODE        2
                text10                         000348  00000B  000353       690       0  CODE        2
                text8                          000353  00000B  00035E       6A6       0  CODE        2
                text9                          00035E  000010  00036E       6BC       0  CODE        2
                text2                          00036E  000011  00037F       6DC       0  CODE        2
                inittext                       00037F  000013  000392       6FE       0  CODE        2
                text5                          000392  000014  0003A6       724       0  CODE        2
                text13                         0003A6  000020  0003C6       74C       0  CODE        2
                text6                          0003C6  000023  0003E9       78C       0  CODE        2
                text12                         0003E9  000025  00040E       7D2       0  CODE        2
                text11                         00040E  000057  000465       81C       0  CODE        2
                text3                          000465  000057  0004BC       8CA       0  CODE        2
                text4                          0004BC  000063  00051F       978       0  CODE        2
                text7                          00051F  0000AC  0005CB       A3E       0  CODE        2
                text1                          0005CB  0000B5  000680       B96       0  CODE        2
                maintext                       000680  000165  0007E5       D00       0  CODE        2
                cinit                          0007E5  00001B  000800       FCA       0  CODE        2


UNUSED ADDRESS RANGES

        Name                Unused          Largest block    Delta
        BANK0            003D-006F             33           1
        BANK1            00A0-00EF             50           1
        BANK2            0110-016F             60           1
        BANK3            0190-01EF             60           1
        CODE             001D-033C            320           2
                         0800-1FFF            800
        COMMON           007D-007D              1           1
        CONST            001D-033C            100           2
                         0800-1FFF            100
        EEDATA           2100-21FF            100           2
        ENTRY            001D-033C            100           2
                         0800-1FFF            100
        IDLOC            2000-2003              4           2
        RAM              003D-006F             33           1
                         00A0-00EF             50
                         0110-016F             60
                         0190-01EF             60
        SFR0             0000-001F             20           1
        SFR1             0080-009F             20           1
        SFR2             0100-010F             10           1
        SFR3             0180-018F             10           1
        STRCODE          001D-033C            320           2
                         0800-1FFF           1800
        STRING           001D-033C            100           2
                         0800-1FFF            100

                                  Symbol Table

?___awdiv                        cstackCOMMON 0070
?___awmod                        cstackCOMMON 0070
?_strlen                         cstackCOMMON 0070
_PORTD                           (abs)        0008
_RB0                             (abs)        0030
_RB1                             (abs)        0031
_RB2                             (abs)        0032
_RD0                             (abs)        0040
_RD1                             (abs)        0041
_RD2                             (abs)        0042
_RD3                             (abs)        0043
_RE1                             (abs)        0049
_RE2                             (abs)        004A
_TRISB                           (abs)        0086
_TRISD                           (abs)        0088
_TRISE1                          (abs)        0449
_TRISE2                          (abs)        044A
__H__absolute__                  __absolute__ 0000
__Habs1                          abs1         0000
__Hbank0                         bank0        0000
__Hbank1                         bank1        0000
__Hbank2                         bank2        0000
__Hbank3                         bank3        0000
__HbssBANK0                      bssBANK0     0000
__Hcinit                         cinit        0800
__Hclrtext                       clrtext      0000
__Hcode                          code         0000
__Hcommon                        common       0000
__Hconfig                        config       2008
__HcstackBANK0                   cstackBANK0  0000
__HcstackCOMMON                  cstackCOMMON 0000
__HdataBANK0                     dataBANK0    0000
__HdataCOMMON                    dataCOMMON   0000
__Heeprom_data                   eeprom_data  0000
__Hend_init                      end_init     0003
__Hfunctab                       functab      0000
__Hheap                          heap         0000
__HidataBANK0                    idataBANK0   0000
__HidataCOMMON                   idataCOMMON  0000
__Hinit                          init         0000
__Hinittext                      inittext     0000
__Hintentry                      intentry     0000
__Hmaintext                      maintext     0000
__Hpowerup                       powerup      0000
__Hram                           ram          0000
__Hreset_vec                     reset_vec    0000
__Hsfr0                          sfr0         0000
__Hsfr1                          sfr1         0000
__Hsfr2                          sfr2         0000
__Hsfr3                          sfr3         0000
__Hsivt                          sivt         0000
__Hspace_0                       (abs)        0800
__Hspace_1                       (abs)        007D
__Hspace_2                       (abs)        0000
__Hspace_3                       (abs)        0000
__Hspace_4                       (abs)        400F
__Hstack                         stack        0000
__Hstrings                       strings      0000
__Htext                          text         0000
__L__absolute__                  __absolute__ 0000
__Labs1                          abs1         0000
__Lbank0                         bank0        0000
__Lbank1                         bank1        0000
__Lbank2                         bank2        0000
__Lbank3                         bank3        0000
__LbssBANK0                      bssBANK0     0000
__Lcinit                         cinit        07E5
__Lclrtext                       clrtext      0000
__Lcode                          code         0000
__Lcommon                        common       0000
__Lconfig                        config       0000
__LcstackBANK0                   cstackBANK0  0000
__LcstackCOMMON                  cstackCOMMON 0000
__LdataBANK0                     dataBANK0    0000
__LdataCOMMON                    dataCOMMON   0000
__Leeprom_data                   eeprom_data  0000
__Lend_init                      end_init     0000
__Lfunctab                       functab      0000
__Lheap                          heap         0000
__LidataBANK0                    idataBANK0   0000
__LidataCOMMON                   idataCOMMON  0000
__Linit                          init         0000
__Linittext                      inittext     0000
__Lintentry                      intentry     0000
__Lmaintext                      maintext     0000
__Lpowerup                       powerup      0000
__Lram                           ram          0000
__Lreset_vec                     reset_vec    0000
__Lsfr0                          sfr0         0000
__Lsfr1                          sfr1         0000
__Lsfr2                          sfr2         0000
__Lsfr3                          sfr3         0000
__Lsivt                          sivt         0000
__Lspace_0                       (abs)        0000
__Lspace_1                       (abs)        0000
__Lspace_2                       (abs)        0000
__Lspace_3                       (abs)        0000
__Lspace_4                       (abs)        0000
__Lstack                         stack        0000
__Lstrings                       strings      0000
__Ltext                          text         0000
__S0                             (abs)        0800
__S1                             (abs)        007D
__S3                             (abs)        0000
___awdiv                         text4        04BC
___awdiv@counter                 cstackCOMMON 0074
___awdiv@dividend                cstackCOMMON 0072
___awdiv@divisor                 cstackCOMMON 0070
___awdiv@quotient                cstackCOMMON 0076
___awdiv@sign                    cstackCOMMON 0075
___awmod                         text3        0465
___awmod@counter                 cstackCOMMON 0074
___awmod@dividend                cstackCOMMON 0072
___awmod@divisor                 cstackCOMMON 0070
___awmod@sign                    cstackCOMMON 0075
___heap_hi                       (abs)        0000
___heap_lo                       (abs)        0000
___int_sp                        stack        0000
___int_stack_hi                  stack        0000
___int_stack_lo                  stack        0000
___latbits                       (abs)        0002
___sp                            stack        0000
___stack_hi                      stack        0000
___stack_lo                      stack        0000
___stackhi                       (abs)        0000
___stacklo                       (abs)        0000
__end_of___awdiv                 text4        051F
__end_of___awmod                 text3        04BC
__end_of__initialization         cinit        07FC
__end_of__stringtab              strings      0009
__end_of_clcd_print              text12       040E
__end_of_clcd_putch              text2        037F
__end_of_clcd_write              text13       03C6
__end_of_init_clcd               text10       0353
__end_of_init_config             text8        035E
__end_of_init_display_controller text11       0465
__end_of_init_matrix_keypad      text9        036E
__end_of_main                    maintext     07E5
__end_of_read_matrix_keypad      text6        03E9
__end_of_scan_keypad             text7        05CB
__end_of_strlen                  text5        03A6
__end_of_update_clcd_msg         text1        0680
__initialization                 cinit        07E5
__pbssBANK0                      bssBANK0     003A
__pcstackBANK0                   cstackBANK0  0020
__pcstackCOMMON                  cstackCOMMON 0070
__pdataBANK0                     dataBANK0    0030
__pdataCOMMON                    dataCOMMON   007C
__pidataBANK0                    idataBANK0   033E
__pidataCOMMON                   idataCOMMON  033D
__pmaintext                      maintext     0680
__pstrings                       strings      0003
__ptext1                         text1        05CB
__ptext10                        text10       0348
__ptext11                        text11       040E
__ptext12                        text12       03E9
__ptext13                        text13       03A6
__ptext2                         text2        036E
__ptext3                         text3        0465
__ptext4                         text4        04BC
__ptext5                         text5        0392
__ptext6                         text6        03C6
__ptext7                         text7        051F
__ptext8                         text8        0353
__ptext9                         text9        035E
__stringbase                     strings      0008
__stringtab                      strings      0003
_clcd_print                      text12       03E9
_clcd_putch                      text2        036E
_clcd_write                      text13       03A6
_init_clcd                       text10       0348
_init_config                     text8        0353
_init_display_controller         text11       040E
_init_matrix_keypad              text9        035E
_main                            maintext     0680
_msg                             dataBANK0    0030
_nRBPU                           (abs)        040F
_read_matrix_keypad              text6        03C6
_scan_keypad                     text7        051F
_strlen                          text5        0392
_temp                            bssBANK0     003C
_update_clcd_msg                 text1        05CB
btemp                            (abs)        007E
clcd_print@addr                  cstackCOMMON 0075
clcd_print@str                   cstackCOMMON 0074
clcd_putch@addr                  cstackCOMMON 0074
clcd_putch@data                  cstackCOMMON 0075
clcd_write@byte                  cstackCOMMON 0073
clcd_write@mode                  cstackCOMMON 0070
end_of_initialization            cinit        07FC
init_fetch0                      inittext     037F
init_ram0                        inittext     0383
intlevel0                        functab      0000
intlevel1                        functab      0000
intlevel2                        functab      0000
intlevel3                        functab      0000
intlevel4                        functab      0000
intlevel5                        functab      0000
main@count                       bssBANK0     003A
main@i                           cstackBANK0  002D
main@i_89                        cstackBANK0  002B
main@key                         cstackBANK0  002F
main@left_marquee                cstackBANK0  0027
main@len                         cstackBANK0  0029
main@right_marquee               cstackBANK0  0025
main@run_edit_flag               cstackBANK0  0023
read_matrix_keypad@key           cstackCOMMON 0073
read_matrix_keypad@mode          cstackCOMMON 0072
read_matrix_keypad@once          dataCOMMON   007C
reset_vec                        reset_vec    0000
scan_keypad@i                    cstackCOMMON 0070
start                            init         0000
start_initialization             cinit        07E5
strlen@a                         cstackCOMMON 0072
strlen@s                         cstackCOMMON 0070
update_clcd_msg@count            cstackCOMMON 0078
update_clcd_msg@i                cstackCOMMON 007A
wtemp0                           (abs)        007E


MODULE INFORMATION

Module		Function		Class		Link	Load	Size
matrix_keypad.c
		_init_matrix_keypad		CODE           	035E	0000	16
		_read_matrix_keypad		CODE           	03C6	0000	35
		_scan_keypad   		CODE           	051F	0000	172

matrix_keypad.c estimated size: 223

C:\Program Files\Microchip\xc8\v3.00\pic\sources\c99\common\awmod.c
		___awmod       		CODE           	0465	0000	87

C:\Program Files\Microchip\xc8\v3.00\pic\sources\c99\common\awmod.c estimated size: 87

shared
		__stringtab    		STRING         	0003	0000	6
		__initialization		CODE           	07E5	0000	23

shared estimated size: 29

clcd.c
		_clcd_write    		CODE           	03A6	0000	32
		_clcd_print    		CODE           	03E9	0000	37
		_clcd_putch    		CODE           	036E	0000	17
		_init_display_controller		CODE           	040E	0000	87
		_init_clcd     		CODE           	0348	0000	11

clcd.c estimated size: 184

C:\Program Files\Microchip\xc8\v3.00\pic\sources\c99\common\strlen.c
		_strlen        		CODE           	0392	0000	20

C:\Program Files\Microchip\xc8\v3.00\pic\sources\c99\common\strlen.c estimated size: 20

C:\Program Files\Microchip\xc8\v3.00\pic\sources\c99\common\awdiv.c
		___awdiv       		CODE           	04BC	0000	99

C:\Program Files\Microchip\xc8\v3.00\pic\sources\c99\common\awdiv.c estimated size: 99

main.c
		_main          		CODE           	0680	0000	357
		_init_config   		CODE           	0353	0000	11
		_update_clcd_msg		CODE           	05CB	0000	181

main.c estimated size: 549

