Microchip MPLAB XC8 Compiler V2.50

Linker command line:

-W-3 \
  --edf=C:\Program Files\Microchip\xc8\v2.50\pic\dat\20240725155939_en.msgs \
  -cn \
  -h+dist/default/production\Assignment_06_LED_PWM_Potmtr.X.production.sym \
  --cmf=dist/default/production\Assignment_06_LED_PWM_Potmtr.X.production.cmf \
  -z -Q16F877A -oC:\Users\indra\AppData\Local\Temp\xcAsius.\driver_tmp_3.o \
  --defsym=__MPLAB_BUILD=1 --fixupoverflow=error \
  -Mdist/default/production/Assignment_06_LED_PWM_Potmtr.X.production.map \
  --md=C:\Users\indra\AppData\Local\Temp\xcAsius.\driver_tmp_0.dat -E1 \
  -ver=XC8 Compiler --acfsm=1493 -ACODE=00h-07FFhx4 -ASTRCODE=00h-01FFFh \
  -ASTRING=00h-0FFhx32 -ACONST=00h-0FFhx32 -AENTRY=00h-0FFhx32 \
  -ACOMMON=070h-07Fh -ABANK0=020h-06Fh -ABANK1=0A0h-0EFh \
  -ABANK2=0110h-016Fh -ABANK3=0190h-01EFh \
  -ARAM=020h-06Fh,0A0h-0EFh,0110h-016Fh,0190h-01EFh \
  -AABS1=020h-07Fh,0A0h-0EFh,0110h-016Fh,0190h-01EFh -ASFR0=00h-01Fh \
  -ASFR1=080h-09Fh -ASFR2=0100h-010Fh -ASFR3=0180h-018Fh \
  -ACONFIG=02007h-02007h -DCONFIG=2 -AIDLOC=02000h-02003h -DIDLOC=2 \
  -AEEDATA=00h-0FFh/02100h -peeprom_data=EEDATA -DEEDATA=2 -DCODE=2 \
  -DSTRCODE=2 -DSTRING=2 -DCONST=2 -DENTRY=2 \
  -preset_vec=00h,intentry=04h,sivt,init,end_init -ppowerup=CODE \
  -pcinit=CODE -pfunctab=ENTRY -k \
  C:\Users\indra\AppData\Local\Temp\xcAsius.\driver_tmp_12.o \
  dist/default/production\Assignment_06_LED_PWM_Potmtr.X.production.o 

Object code version is 3.11

Machine type is 16F877A



                Name                               Link     Load   Length Selector   Space Scale
C:\Users\indra\AppData\Local\Temp\xcAsius.\driver_tmp_12.o
                end_init                              C        C        3        8       0
                reset_vec                             0        0        3        0       0
                config                             2007     2007        1        0       4
dist/default/production\Assignment_06_LED_PWM_Potmtr.X.production.o
                cinit                                 F        F       1A        8       0
                intentry                              4        4        8        8       0
                config                             2007     2007        1        0       4
                text9                               3F9      3F9       23        8       0
                text8                                29       29      1CA        8       0
                text7                               335      335       76        8       0
                text6                               1F3      1F3       B6        8       0
                text5                               477      477        7        8       0
                text4                               46D      46D        A        8       0
                text3                               44E      44E       13        8       0
                text2                               41C      41C       1F        8       0
                text1                               3AB      3AB       4E        8       0
                maintext                            2A9      2A9       8C        8       0
                cstackBANK0                          20       20       30       20       1
                cstackCOMMON                         70       70        A       70       1
                inittext                            43B      43B       13        8       0
                dataBANK0                            50       50        C       20       1
                bssBANK0                             5C       5C        6       20       1
                bssCOMMON                            7A       7A        2       70       1
                idataBANK0                          461      461        C        8       0

TOTAL           Name                               Link     Load   Length     Space
        CLASS   CODE           
                end_init                              C        C        3         0
                cinit                                 F        F       1A         0
                intentry                              4        4        8         0
                reset_vec                             0        0        3         0
                text9                               3F9      3F9       23         0
                text8                                29       29      1CA         0
                text7                               335      335       76         0
                text6                               1F3      1F3       B6         0
                text5                               477      477        7         0
                text4                               46D      46D        A         0
                text3                               44E      44E       13         0
                text2                               41C      41C       1F         0
                text1                               3AB      3AB       4E         0
                maintext                            2A9      2A9       8C         0
                inittext                            43B      43B       13         0
                idataBANK0                          461      461        C         0

        CLASS   STRCODE        

        CLASS   STRING         

        CLASS   CONST          

        CLASS   ENTRY          

        CLASS   COMMON         
                cstackCOMMON                         70       70        A         1
                bssCOMMON                            7A       7A        2         1

        CLASS   BANK0          
                cstackBANK0                          20       20       30         1
                dataBANK0                            50       50        C         1
                bssBANK0                             5C       5C        6         1

        CLASS   BANK1          

        CLASS   BANK2          

        CLASS   BANK3          

        CLASS   RAM            

        CLASS   ABS1           
                abs_s1                               7E       7E        2         1

        CLASS   SFR0           

        CLASS   SFR1           

        CLASS   SFR2           

        CLASS   SFR3           

        CLASS   CONFIG         
                config                             2007     2007        1         4

        CLASS   IDLOC          

        CLASS   EEDATA         

        CLASS   HEAP           

        CLASS   STACK          



SEGMENTS        Name                           Load    Length   Top    Selector   Space  Class     Delta

                reset_vec                      000000  000003  000003         0       0  CODE        2
                intentry                       000004  00047A  00047E         8       0  CODE        2
                cstackBANK0                    000020  000042  000062        20       1  BANK0       1
                cstackCOMMON                   000070  00000C  00007C        70       1  COMMON      1


UNUSED ADDRESS RANGES

        Name                Unused          Largest block    Delta
        BANK0            0062-006F              E           1
        BANK1            00A0-00EF             50           1
        BANK2            0110-016F             60           1
        BANK3            0190-01EF             60           1
        CODE             0003-0003              1           2
                         047E-1FFF            800
        COMMON           007C-007D              2           1
        CONST            0003-0003              1           2
                         047E-1FFF            100
        EEDATA           2100-21FF            100           2
        ENTRY            0003-0003              1           2
                         047E-1FFF            100
        IDLOC            2000-2003              4           2
        RAM              0062-006F              E           1
                         00A0-00EF             50
                         0110-016F             60
                         0190-01EF             60
        SFR0             0000-001F             20           1
        SFR1             0080-009F             20           1
        SFR2             0100-010F             10           1
        SFR3             0180-018F             10           1
        STRCODE          0003-0003              1           2
                         047E-1FFF           1B82
        STRING           0003-0003              1           2
                         047E-1FFF            100

                                  Symbol Table

?___fldiv                cstackBANK0  0026
?___fltol                cstackBANK0  0040
?___xxtofl               cstackCOMMON 0072
?_read_adc               cstackCOMMON 0072
_ADCON0                  (abs)        001F
_ADFM                    (abs)        04FF
_ADON                    (abs)        00F8
_ADRESH                  (abs)        001E
_ADRESL                  (abs)        009E
_GIE                     (abs)        005F
_GO                      (abs)        00FA
_PEIE                    (abs)        005E
_PORTD                   (abs)        0008
_PSA                     (abs)        040B
_RD0                     (abs)        0040
_T0CS                    (abs)        040D
_TMR0                    (abs)        0001
_TMR0IE                  (abs)        005D
_TMR0IF                  (abs)        005A
_TRISD                   (abs)        0088
__H__absolute__          __absolute__ 0000
__Habs1                  abs1         0000
__Hbank0                 bank0        0000
__Hbank1                 bank1        0000
__Hbank2                 bank2        0000
__Hbank3                 bank3        0000
__HbssBANK0              bssBANK0     0000
__HbssCOMMON             bssCOMMON    0000
__Hcinit                 cinit        0029
__Hclrtext               clrtext      0000
__Hcode                  code         0000
__Hcommon                common       0000
__Hconfig                config       2008
__HcstackBANK0           cstackBANK0  0000
__HcstackCOMMON          cstackCOMMON 0000
__HdataBANK0             dataBANK0    0000
__Heeprom_data           eeprom_data  0000
__Hend_init              end_init     000F
__Hfunctab               functab      0000
__Hheap                  heap         0000
__HidataBANK0            idataBANK0   0000
__Hinit                  init         000C
__Hinittext              inittext     0000
__Hintentry              intentry     000C
__Hmaintext              maintext     0000
__Hpowerup               powerup      0000
__Hram                   ram          0000
__Hreset_vec             reset_vec    0003
__Hsfr0                  sfr0         0000
__Hsfr1                  sfr1         0000
__Hsfr2                  sfr2         0000
__Hsfr3                  sfr3         0000
__Hsivt                  sivt         000C
__Hspace_0               (abs)        047E
__Hspace_1               (abs)        007C
__Hspace_2               (abs)        0000
__Hspace_3               (abs)        0000
__Hspace_4               (abs)        400F
__Hstack                 stack        0000
__Hstrings               strings      0000
__Htext                  text         0000
__L__absolute__          __absolute__ 0000
__Labs1                  abs1         0000
__Lbank0                 bank0        0000
__Lbank1                 bank1        0000
__Lbank2                 bank2        0000
__Lbank3                 bank3        0000
__LbssBANK0              bssBANK0     0000
__LbssCOMMON             bssCOMMON    0000
__Lcinit                 cinit        000F
__Lclrtext               clrtext      0000
__Lcode                  code         0000
__Lcommon                common       0000
__Lconfig                config       0000
__LcstackBANK0           cstackBANK0  0000
__LcstackCOMMON          cstackCOMMON 0000
__LdataBANK0             dataBANK0    0000
__Leeprom_data           eeprom_data  0000
__Lend_init              end_init     000C
__Lfunctab               functab      0000
__Lheap                  heap         0000
__LidataBANK0            idataBANK0   0000
__Linit                  init         000C
__Linittext              inittext     0000
__Lintentry              intentry     0004
__Lmaintext              maintext     0000
__Lpowerup               powerup      0000
__Lram                   ram          0000
__Lreset_vec             reset_vec    0000
__Lsfr0                  sfr0         0000
__Lsfr1                  sfr1         0000
__Lsfr2                  sfr2         0000
__Lsfr3                  sfr3         0000
__Lsivt                  sivt         000C
__Lspace_0               (abs)        0000
__Lspace_1               (abs)        0000
__Lspace_2               (abs)        0000
__Lspace_3               (abs)        0000
__Lspace_4               (abs)        0000
__Lstack                 stack        0000
__Lstrings               strings      0000
__Ltext                  text         0000
__S0                     (abs)        047E
__S1                     (abs)        007C
__S3                     (abs)        0000
___fldiv                 text8        0029
___fldiv@a               cstackBANK0  0026
___fldiv@aexp            cstackBANK0  003F
___fldiv@b               cstackBANK0  002A
___fldiv@bexp            cstackBANK0  003E
___fldiv@grs             cstackBANK0  003A
___fldiv@new_exp         cstackBANK0  0038
___fldiv@rem             cstackBANK0  0033
___fldiv@sign            cstackBANK0  0037
___fltol                 text7        0335
___fltol@exp1            cstackBANK0  0049
___fltol@f1              cstackBANK0  0040
___fltol@sign1           cstackBANK0  0048
___heap_hi               (abs)        0000
___heap_lo               (abs)        0000
___int_sp                stack        0000
___int_stack_hi          stack        0000
___int_stack_lo          stack        0000
___latbits               (abs)        0002
___sp                    stack        0000
___stack_hi              stack        0000
___stack_lo              stack        0000
___stackhi               (abs)        0000
___stacklo               (abs)        0000
___xxtofl                text6        01F3
___xxtofl@arg            cstackBANK0  0022
___xxtofl@exp            cstackBANK0  0021
___xxtofl@sign           cstackBANK0  0020
___xxtofl@val            cstackCOMMON 0072
__end_of___fldiv         text8        01F3
__end_of___fltol         text7        03AB
__end_of___xxtofl        text6        02A9
__end_of__initialization cinit        0025
__end_of_init_adc        text5        047E
__end_of_init_config     text3        0461
__end_of_init_timer0     text4        0477
__end_of_isr             text9        041C
__end_of_main            maintext     0335
__end_of_read_adc        text2        043B
__end_of_software_pwm    text1        03F9
__initialization         cinit        000F
__pbssBANK0              bssBANK0     005C
__pbssCOMMON             bssCOMMON    007A
__pcstackBANK0           cstackBANK0  0020
__pcstackCOMMON          cstackCOMMON 0070
__pdataBANK0             dataBANK0    0050
__pidataBANK0            idataBANK0   0461
__pintentry              intentry     0004
__pmaintext              maintext     02A9
__ptext1                 text1        03AB
__ptext2                 text2        041C
__ptext3                 text3        044E
__ptext4                 text4        046D
__ptext5                 text5        0477
__ptext6                 text6        01F3
__ptext7                 text7        0335
__ptext8                 text8        0029
__ptext9                 text9        03F9
_duty_cycle              dataBANK0    0058
_init_adc                text5        0477
_init_config             text3        044E
_init_timer0             text4        046D
_isr                     text9        03F9
_loop_counter            bssBANK0     005C
_main                    maintext     02A9
_nDONE                   (abs)        00FA
_read_adc                text2        041C
_req_time                bssCOMMON    007A
_software_pwm            text1        03AB
_wait                    dataBANK0    0050
btemp                    (abs)        007E
end_of_initialization    cinit        0025
init_fetch0              inittext     043B
init_ram0                inittext     043F
interrupt_function       intentry     0004
intlevel0                functab      0000
intlevel1                functab      0000
intlevel2                functab      0000
intlevel3                functab      0000
intlevel4                functab      0000
intlevel5                functab      0000
isr@count                bssBANK0     0060
main@adc_reg_val         cstackBANK0  004E
read_adc@adc_reg_val     cstackCOMMON 0075
read_adc@channel         cstackCOMMON 0077
reset_vec                reset_vec    0000
saved_w                  (abs)        007E
start                    init         000C
start_initialization     cinit        000F
wtemp0                   (abs)        007E


MODULE INFORMATION

Module		Function		Class		Link	Load	Size
C:\Program Files\Microchip\xc8\v2.50\pic\sources\c99\common\sprcdiv.c
		___fldiv       		CODE           	0029	0000	458

C:\Program Files\Microchip\xc8\v2.50\pic\sources\c99\common\sprcdiv.c estimated size: 458

timer.c
		_init_timer0   		CODE           	046D	0000	10

timer.c estimated size: 10

adc.c
		_init_adc      		CODE           	0477	0000	7
		_read_adc      		CODE           	041C	0000	31

adc.c estimated size: 38

C:\Program Files\Microchip\xc8\v2.50\pic\sources\c99\common\xxtofl.c
		___xxtofl      		CODE           	01F3	0000	182

C:\Program Files\Microchip\xc8\v2.50\pic\sources\c99\common\xxtofl.c estimated size: 182

isr.c
		_software_pwm  		CODE           	03AB	0000	78
		_isr           		CODE           	03F9	0000	35

isr.c estimated size: 113

shared
		__initialization		CODE           	000F	0000	22

shared estimated size: 22

C:\Program Files\Microchip\xc8\v2.50\pic\sources\c99\common\fltol.c
		___fltol       		CODE           	0335	0000	118

C:\Program Files\Microchip\xc8\v2.50\pic\sources\c99\common\fltol.c estimated size: 118

main.c
		_main          		CODE           	02A9	0000	140
		_init_config   		CODE           	044E	0000	19

main.c estimated size: 159

